Component: ARM Compiler 5.05 update 2 (build 169) Tool: armlink [4d0f33]

==============================================================================

Section Cross References

    system_stm32f10x.o(.text) refers to system_stm32f10x.o(.data) for SystemCoreClock
    stm32f10x_rcc.o(.text) refers to stm32f10x_rcc.o(.data) for APBAHBPrescTable
    stm32f10x_gpio.o(.text) refers to stm32f10x_rcc.o(.text) for RCC_APB2PeriphResetCmd
    stm32f10x_usart.o(.text) refers to stm32f10x_rcc.o(.text) for RCC_APB2PeriphResetCmd
    stm32f10x_tim.o(.text) refers to stm32f10x_rcc.o(.text) for RCC_APB2PeriphResetCmd
    stm32f10x_adc.o(.text) refers to stm32f10x_rcc.o(.text) for RCC_APB2PeriphResetCmd
    startup_stm32f10x_hd.o(STACK) refers (Special) to heapauxi.o(.text) for __use_two_region_memory
    startup_stm32f10x_hd.o(HEAP) refers (Special) to heapauxi.o(.text) for __use_two_region_memory
    startup_stm32f10x_hd.o(RESET) refers (Special) to heapauxi.o(.text) for __use_two_region_memory
    startup_stm32f10x_hd.o(RESET) refers to startup_stm32f10x_hd.o(STACK) for __initial_sp
    startup_stm32f10x_hd.o(RESET) refers to startup_stm32f10x_hd.o(.text) for Reset_Handler
    startup_stm32f10x_hd.o(RESET) refers to stm32f10x_it.o(.text) for NMI_Handler
    startup_stm32f10x_hd.o(RESET) refers to gpio.o(.text) for EXTI4_IRQHandler
    startup_stm32f10x_hd.o(RESET) refers to motor.o(.text) for TIM2_IRQHandler
    startup_stm32f10x_hd.o(RESET) refers to usart.o(.text) for TIM4_IRQHandler
    startup_stm32f10x_hd.o(.text) refers (Special) to heapauxi.o(.text) for __use_two_region_memory
    startup_stm32f10x_hd.o(.text) refers to system_stm32f10x.o(.text) for SystemInit
    startup_stm32f10x_hd.o(.text) refers to __main.o(!!!main) for __main
    startup_stm32f10x_hd.o(.text) refers to startup_stm32f10x_hd.o(HEAP) for Heap_Mem
    startup_stm32f10x_hd.o(.text) refers to startup_stm32f10x_hd.o(STACK) for Stack_Mem
    main.o(.text) refers to misc.o(.text) for NVIC_SetVectorTable
    main.o(.text) refers to usart.o(.text) for RCCINIT
    main.o(.text) refers to gpio.o(.text) for GPIOINIT
    main.o(.text) refers to nvic.o(.text) for NVICINIT
    main.o(.text) refers to i2c.o(.text) for i2c_init
    main.o(.text) refers to 3dpos.o(.text) for threedpos_init
    main.o(.text) refers to motor.o(.text) for motor_init
    main.o(.text) refers to oc.o(.text) for oc_init
    main.o(.text) refers to public.o(.text) for delayms
    public.o(.text) refers to misc.o(.text) for SysTick_CLKSourceConfig
    public.o(.text) refers to system_stm32f10x.o(.data) for SystemCoreClock
    public.o(.text) refers to public.o(.data) for fac_us
    debug.o(.text) refers (Special) to use_no_semi.o(.text) for __use_no_semihosting_swi
    debug.o(.data) refers (Special) to use_no_semi.o(.text) for __use_no_semihosting_swi
    gpio.o(.text) refers to stm32f10x_gpio.o(.text) for GPIO_Init
    gpio.o(.text) refers to stm32f10x_exti.o(.text) for EXTI_ClearITPendingBit
    gpio.o(.text) refers to stm32f10x_rcc.o(.text) for RCC_APB2PeriphClockCmd
    gpio.o(.text) refers to global.o(.data) for tile_stop_flag
    i2c.o(.text) refers to _printf_percent.o(.ARM.Collect$$_printf_percent$$00000000) for _printf_percent
    i2c.o(.text) refers to _printf_d.o(.ARM.Collect$$_printf_percent$$00000009) for _printf_d
    i2c.o(.text) refers to _printf_dec.o(.text) for _printf_int_dec
    i2c.o(.text) refers to _printf_f.o(.ARM.Collect$$_printf_percent$$00000003) for _printf_f
    i2c.o(.text) refers to printf1.o(x$fpl$printf1) for _printf_fp_dec
    i2c.o(.text) refers to noretval__2printf.o(.text) for __2printf
    i2c.o(.text) refers to stm32f10x_gpio.o(.text) for GPIO_SetBits
    i2c.o(.text) refers to rt_memcpy_v6.o(.text) for __aeabi_memcpy
    i2c.o(.text) refers to fifo.o(.text) for fifo_put
    i2c.o(.text) refers to public.o(.text) for delayus
    i2c.o(.text) refers to global.o(.data) for fan_heater_buff
    i2c.o(.text) refers to i2c.o(.bss) for fifo_i2c_msg_out
    i2c.o(.text) refers to i2c.o(.data) for i
    i2c.o(.text) refers to fflt_clz.o(x$fpl$fflt) for __aeabi_i2f
    i2c.o(.text) refers to faddsub_clz.o(x$fpl$fsub) for __aeabi_fsub
    i2c.o(.text) refers to f2d.o(x$fpl$f2d) for __aeabi_f2d
    motor.o(.text) refers to _printf_percent.o(.ARM.Collect$$_printf_percent$$00000000) for _printf_percent
    motor.o(.text) refers to _printf_d.o(.ARM.Collect$$_printf_percent$$00000009) for _printf_d
    motor.o(.text) refers to _printf_dec.o(.text) for _printf_int_dec
    motor.o(.text) refers to _printf_lld.o(.ARM.Collect$$_printf_percent$$0000000E) for _printf_lld
    motor.o(.text) refers to _printf_longlong_dec.o(.text) for _printf_longlong_dec
    motor.o(.text) refers to stm32f10x_tim.o(.text) for TIM_Cmd
    motor.o(.text) refers to fifo.o(.text) for fifo_put
    motor.o(.text) refers to noretval__2printf.o(.text) for __2printf
[...]
    __rt_lib_shutdown_fp_trap_1              0x0800022b   Thumb Code     0  libshutdown2.o(.ARM.Collect$$libshutdown$$00000006)
    __rt_lib_shutdown_heap_1                 0x0800022b   Thumb Code     0  libshutdown2.o(.ARM.Collect$$libshutdown$$0000000E)
    __rt_lib_shutdown_return                 0x0800022b   Thumb Code     0  libshutdown2.o(.ARM.Collect$$libshutdown$$0000000F)
    __rt_lib_shutdown_signal_1               0x0800022b   Thumb Code     0  libshutdown2.o(.ARM.Collect$$libshutdown$$00000009)
    __rt_lib_shutdown_stdio_1                0x0800022b   Thumb Code     0  libshutdown2.o(.ARM.Collect$$libshutdown$$00000003)
    __rt_lib_shutdown_user_alloc_1           0x0800022b   Thumb Code     0  libshutdown2.o(.ARM.Collect$$libshutdown$$0000000B)
    __rt_entry                               0x0800022d   Thumb Code     0  __rtentry.o(.ARM.Collect$$rtentry$$00000000)
    __rt_entry_presh_1                       0x0800022d   Thumb Code     0  __rtentry2.o(.ARM.Collect$$rtentry$$00000002)
    __rt_entry_sh                            0x0800022d   Thumb Code     0  __rtentry4.o(.ARM.Collect$$rtentry$$00000004)
    __rt_entry_li                            0x08000233   Thumb Code     0  __rtentry2.o(.ARM.Collect$$rtentry$$0000000A)
    __rt_entry_postsh_1                      0x08000233   Thumb Code     0  __rtentry2.o(.ARM.Collect$$rtentry$$00000009)
    __rt_entry_main                          0x08000237   Thumb Code     0  __rtentry2.o(.ARM.Collect$$rtentry$$0000000D)
    __rt_entry_postli_1                      0x08000237   Thumb Code     0  __rtentry2.o(.ARM.Collect$$rtentry$$0000000C)
    __rt_exit                                0x0800023f   Thumb Code     0  rtexit.o(.ARM.Collect$$rtexit$$00000000)
    __rt_exit_ls                             0x08000241   Thumb Code     0  rtexit2.o(.ARM.Collect$$rtexit$$00000003)
    __rt_exit_prels_1                        0x08000241   Thumb Code     0  rtexit2.o(.ARM.Collect$$rtexit$$00000002)
    __rt_exit_exit                           0x08000245   Thumb Code     0  rtexit2.o(.ARM.Collect$$rtexit$$00000004)
    SystemInit                               0x0800032b   Thumb Code    78  system_stm32f10x.o(.text)
    SystemCoreClockUpdate                    0x08000379   Thumb Code   142  system_stm32f10x.o(.text)
    EXTI_DeInit                              0x0800042d   Thumb Code    28  stm32f10x_exti.o(.text)
    EXTI_Init                                0x08000449   Thumb Code   142  stm32f10x_exti.o(.text)
    EXTI_StructInit                          0x080004d7   Thumb Code    16  stm32f10x_exti.o(.text)
    EXTI_GenerateSWInterrupt                 0x080004e7   Thumb Code    16  stm32f10x_exti.o(.text)
    EXTI_GetFlagStatus                       0x080004f7   Thumb Code    22  stm32f10x_exti.o(.text)
    EXTI_ClearFlag                           0x0800050d   Thumb Code     8  stm32f10x_exti.o(.text)
    EXTI_GetITStatus                         0x08000515   Thumb Code    34  stm32f10x_exti.o(.text)
    EXTI_ClearITPendingBit                   0x08000537   Thumb Code     8  stm32f10x_exti.o(.text)
    NVIC_PriorityGroupConfig                 0x08000549   Thumb Code    10  misc.o(.text)
    NVIC_Init                                0x08000553   Thumb Code   100  misc.o(.text)
    NVIC_SetVectorTable                      0x080005b7   Thumb Code    14  misc.o(.text)
    NVIC_SystemLPConfig                      0x080005c5   Thumb Code    34  misc.o(.text)
    SysTick_CLKSourceConfig                  0x080005e7   Thumb Code    40  misc.o(.text)
    RCC_DeInit                               0x08000625   Thumb Code    64  stm32f10x_rcc.o(.text)
    RCC_HSEConfig                            0x08000665   Thumb Code    70  stm32f10x_rcc.o(.text)
    RCC_GetFlagStatus                        0x080006ab   Thumb Code    56  stm32f10x_rcc.o(.text)
    RCC_WaitForHSEStartUp                    0x080006e3   Thumb Code    56  stm32f10x_rcc.o(.text)
    RCC_AdjustHSICalibrationValue            0x0800071b   Thumb Code    20  stm32f10x_rcc.o(.text)
    RCC_HSICmd                               0x0800072f   Thumb Code     6  stm32f10x_rcc.o(.text)
    RCC_PLLConfig                            0x08000735   Thumb Code    24  stm32f10x_rcc.o(.text)
    RCC_PLLCmd                               0x0800074d   Thumb Code     6  stm32f10x_rcc.o(.text)
    RCC_SYSCLKConfig                         0x08000753   Thumb Code    18  stm32f10x_rcc.o(.text)
    RCC_GetSYSCLKSource                      0x08000765   Thumb Code    10  stm32f10x_rcc.o(.text)
    RCC_HCLKConfig                           0x0800076f   Thumb Code    18  stm32f10x_rcc.o(.text)
    RCC_PCLK1Config                          0x08000781   Thumb Code    18  stm32f10x_rcc.o(.text)
    RCC_PCLK2Config                          0x08000793   Thumb Code    20  stm32f10x_rcc.o(.text)
    RCC_ITConfig                             0x080007a7   Thumb Code    26  stm32f10x_rcc.o(.text)
    RCC_USBCLKConfig                         0x080007c1   Thumb Code     8  stm32f10x_rcc.o(.text)
    RCC_ADCCLKConfig                         0x080007c9   Thumb Code    18  stm32f10x_rcc.o(.text)
    RCC_LSEConfig                            0x080007db   Thumb Code    50  stm32f10x_rcc.o(.text)
    RCC_LSICmd                               0x0800080d   Thumb Code     6  stm32f10x_rcc.o(.text)
    RCC_RTCCLKConfig                         0x08000813   Thumb Code    12  stm32f10x_rcc.o(.text)
    RCC_RTCCLKCmd                            0x0800081f   Thumb Code     8  stm32f10x_rcc.o(.text)
    RCC_GetClocksFreq                        0x08000827   Thumb Code   192  stm32f10x_rcc.o(.text)
    RCC_AHBPeriphClockCmd                    0x080008e7   Thumb Code    26  stm32f10x_rcc.o(.text)
    RCC_APB2PeriphClockCmd                   0x08000901   Thumb Code    26  stm32f10x_rcc.o(.text)
    RCC_APB1PeriphClockCmd                   0x0800091b   Thumb Code    26  stm32f10x_rcc.o(.text)
    RCC_APB2PeriphResetCmd                   0x08000935   Thumb Code    26  stm32f10x_rcc.o(.text)
    RCC_APB1PeriphResetCmd                   0x0800094f   Thumb Code    26  stm32f10x_rcc.o(.text)
    RCC_BackupResetCmd                       0x08000969   Thumb Code     8  stm32f10x_rcc.o(.text)
    RCC_ClockSecuritySystemCmd               0x08000971   Thumb Code     6  stm32f10x_rcc.o(.text)
    RCC_MCOConfig                            0x08000977   Thumb Code     6  stm32f10x_rcc.o(.text)
    RCC_ClearFlag                            0x0800097d   Thumb Code    14  stm32f10x_rcc.o(.text)
    RCC_GetITStatus                          0x0800098b   Thumb Code    20  stm32f10x_rcc.o(.text)
    RCC_ClearITPendingBit                    0x0800099f   Thumb Code     6  stm32f10x_rcc.o(.text)
    GPIO_DeInit                              0x080009c9   Thumb Code   172  stm32f10x_gpio.o(.text)
    GPIO_AFIODeInit                          0x08000a75   Thumb Code    20  stm32f10x_gpio.o(.text)
    GPIO_Init                                0x08000a89   Thumb Code   278  stm32f10x_gpio.o(.text)
    GPIO_StructInit                          0x08000b9f   Thumb Code    16  stm32f10x_gpio.o(.text)
    GPIO_ReadInputDataBit                    0x08000baf   Thumb Code    18  stm32f10x_gpio.o(.text)
    GPIO_ReadInputData                       0x08000bc1   Thumb Code     8  stm32f10x_gpio.o(.text)
    GPIO_ReadOutputDataBit                   0x08000bc9   Thumb Code    18  stm32f10x_gpio.o(.text)
    GPIO_ReadOutputData                      0x08000bdb   Thumb Code     8  stm32f10x_gpio.o(.text)
    GPIO_SetBits                             0x08000be3   Thumb Code     4  stm32f10x_gpio.o(.text)
    GPIO_ResetBits                           0x08000be7   Thumb Code     4  stm32f10x_gpio.o(.text)
    GPIO_WriteBit                            0x08000beb   Thumb Code    10  stm32f10x_gpio.o(.text)
    GPIO_Write                               0x08000bf5   Thumb Code     4  stm32f10x_gpio.o(.text)
    GPIO_PinLockConfig                       0x08000bf9   Thumb Code    18  stm32f10x_gpio.o(.text)
    GPIO_EventOutputConfig                   0x08000c0b   Thumb Code    26  stm32f10x_gpio.o(.text)
    GPIO_EventOutputCmd                      0x08000c25   Thumb Code     6  stm32f10x_gpio.o(.text)
    GPIO_PinRemapConfig                      0x08000c2b   Thumb Code   138  stm32f10x_gpio.o(.text)
    GPIO_EXTILineConfig                      0x08000cb5   Thumb Code    66  stm32f10x_gpio.o(.text)
    GPIO_ETH_MediaInterfaceConfig            0x08000cf7   Thumb Code     8  stm32f10x_gpio.o(.text)
    USART_DeInit                             0x08000d25   Thumb Code   134  stm32f10x_usart.o(.text)
    USART_Init                               0x08000dab   Thumb Code   210  stm32f10x_usart.o(.text)
    USART_StructInit                         0x08000e7d   Thumb Code    24  stm32f10x_usart.o(.text)
    USART_ClockInit                          0x08000e95   Thumb Code    34  stm32f10x_usart.o(.text)
    USART_ClockStructInit                    0x08000eb7   Thumb Code    12  stm32f10x_usart.o(.text)
    USART_Cmd                                0x08000ec3   Thumb Code    24  stm32f10x_usart.o(.text)
    USART_ITConfig                           0x08000edb   Thumb Code    74  stm32f10x_usart.o(.text)
    USART_DMACmd                             0x08000f25   Thumb Code    18  stm32f10x_usart.o(.text)
    USART_SetAddress                         0x08000f37   Thumb Code    18  stm32f10x_usart.o(.text)
    USART_WakeUpConfig                       0x08000f49   Thumb Code    18  stm32f10x_usart.o(.text)
    USART_ReceiverWakeUpCmd                  0x08000f5b   Thumb Code    24  stm32f10x_usart.o(.text)
    USART_LINBreakDetectLengthConfig         0x08000f73   Thumb Code    18  stm32f10x_usart.o(.text)
    USART_LINCmd                             0x08000f85   Thumb Code    24  stm32f10x_usart.o(.text)
    USART_SendData                           0x08000f9d   Thumb Code     8  stm32f10x_usart.o(.text)
    USART_ReceiveData                        0x08000fa5   Thumb Code    10  stm32f10x_usart.o(.text)
    USART_SendBreak                          0x08000faf   Thumb Code    10  stm32f10x_usart.o(.text)
    USART_SetGuardTime                       0x08000fb9   Thumb Code    16  stm32f10x_usart.o(.text)
    USART_SetPrescaler                       0x08000fc9   Thumb Code    16  stm32f10x_usart.o(.text)
    USART_SmartCardCmd                       0x08000fd9   Thumb Code    24  stm32f10x_usart.o(.text)
    USART_SmartCardNACKCmd                   0x08000ff1   Thumb Code    24  stm32f10x_usart.o(.text)
    USART_HalfDuplexCmd                      0x08001009   Thumb Code    24  stm32f10x_usart.o(.text)
    USART_OverSampling8Cmd                   0x08001021   Thumb Code    22  stm32f10x_usart.o(.text)
    USART_OneBitMethodCmd                    0x08001037   Thumb Code    24  stm32f10x_usart.o(.text)
    USART_IrDAConfig                         0x0800104f   Thumb Code    18  stm32f10x_usart.o(.text)
    USART_IrDACmd                            0x08001061   Thumb Code    24  stm32f10x_usart.o(.text)
    USART_GetFlagStatus                      0x08001079   Thumb Code    26  stm32f10x_usart.o(.text)
    USART_ClearFlag                          0x08001093   Thumb Code    18  stm32f10x_usart.o(.text)
    USART_GetITStatus                        0x080010a5   Thumb Code    84  stm32f10x_usart.o(.text)
    USART_ClearITPendingBit                  0x080010f9   Thumb Code    52  stm32f10x_usart.o(.text)
    TIM_DeInit                               0x0800112d   Thumb Code   424  stm32f10x_tim.o(.text)
    TIM_TimeBaseInit                         0x080012d5   Thumb Code   122  stm32f10x_tim.o(.text)
    TIM_OC1Init                              0x0800134f   Thumb Code   132  stm32f10x_tim.o(.text)
    TIM_OC2Init                              0x080013d3   Thumb Code   154  stm32f10x_tim.o(.text)
    TIM_OC3Init                              0x0800146d   Thumb Code   150  stm32f10x_tim.o(.text)
    TIM_OC4Init                              0x08001503   Thumb Code   182  stm32f10x_tim.o(.text)
    TIM_SetIC4Prescaler                      0x080015b9   Thumb Code    26  stm32f10x_tim.o(.text)
    TIM_SetIC3Prescaler                      0x08001655   Thumb Code    18  stm32f10x_tim.o(.text)
    TIM_SetIC2Prescaler                      0x080016e1   Thumb Code    26  stm32f10x_tim.o(.text)
    TIM_SetIC1Prescaler                      0x0800177d   Thumb Code    18  stm32f10x_tim.o(.text)
    TIM_ICInit                               0x080017fb   Thumb Code   150  stm32f10x_tim.o(.text)
    TIM_PWMIConfig                           0x08001891   Thumb Code   124  stm32f10x_tim.o(.text)
    TIM_BDTRConfig                           0x0800190d   Thumb Code    32  stm32f10x_tim.o(.text)
    TIM_TimeBaseStructInit                   0x0800192d   Thumb Code    18  stm32f10x_tim.o(.text)
    TIM_OCStructInit                         0x0800193f   Thumb Code    20  stm32f10x_tim.o(.text)
    TIM_ICStructInit                         0x08001953   Thumb Code    18  stm32f10x_tim.o(.text)
    TIM_BDTRStructInit                       0x08001965   Thumb Code    40  stm32f10x_tim.o(.text)
    TIM_Cmd                                  0x0800198d   Thumb Code    24  stm32f10x_tim.o(.text)
    TIM_CtrlPWMOutputs                       0x080019a5   Thumb Code    30  stm32f10x_tim.o(.text)
    TIM_ITConfig                             0x080019c3   Thumb Code    18  stm32f10x_tim.o(.text)
    TIM_GenerateEvent                        0x080019d5   Thumb Code     4  stm32f10x_tim.o(.text)
    TIM_DMAConfig                            0x080019d9   Thumb Code    10  stm32f10x_tim.o(.text)
    TIM_DMACmd                               0x080019e3   Thumb Code    18  stm32f10x_tim.o(.text)
    TIM_InternalClockConfig                  0x080019f5   Thumb Code    12  stm32f10x_tim.o(.text)
    TIM_SelectInputTrigger                   0x08001a01   Thumb Code    18  stm32f10x_tim.o(.text)
    TIM_ITRxExternalClockConfig              0x08001a13   Thumb Code    24  stm32f10x_tim.o(.text)
    TIM_TIxExternalClockConfig               0x08001a2b   Thumb Code    62  stm32f10x_tim.o(.text)
    TIM_ETRConfig                            0x08001a69   Thumb Code    28  stm32f10x_tim.o(.text)
    TIM_ETRClockMode1Config                  0x08001a85   Thumb Code    54  stm32f10x_tim.o(.text)
    TIM_ETRClockMode2Config                  0x08001abb   Thumb Code    32  stm32f10x_tim.o(.text)
    TIM_PrescalerConfig                      0x08001adb   Thumb Code     6  stm32f10x_tim.o(.text)
    TIM_CounterModeConfig                    0x08001ae1   Thumb Code    18  stm32f10x_tim.o(.text)
    TIM_EncoderInterfaceConfig               0x08001af3   Thumb Code    66  stm32f10x_tim.o(.text)
    TIM_ForcedOC1Config                      0x08001b35   Thumb Code    18  stm32f10x_tim.o(.text)
    TIM_ForcedOC2Config                      0x08001b47   Thumb Code    26  stm32f10x_tim.o(.text)
    TIM_ForcedOC3Config                      0x08001b61   Thumb Code    18  stm32f10x_tim.o(.text)
    TIM_ForcedOC4Config                      0x08001b73   Thumb Code    26  stm32f10x_tim.o(.text)
    TIM_ARRPreloadConfig                     0x08001b8d   Thumb Code    24  stm32f10x_tim.o(.text)
    TIM_SelectCOM                            0x08001ba5   Thumb Code    24  stm32f10x_tim.o(.text)
    TIM_SelectCCDMA                          0x08001bbd   Thumb Code    24  stm32f10x_tim.o(.text)
    TIM_CCPreloadControl                     0x08001bd5   Thumb Code    24  stm32f10x_tim.o(.text)
    TIM_OC1PreloadConfig                     0x08001bed   Thumb Code    18  stm32f10x_tim.o(.text)
    TIM_OC2PreloadConfig                     0x08001bff   Thumb Code    26  stm32f10x_tim.o(.text)
    TIM_OC3PreloadConfig                     0x08001c19   Thumb Code    18  stm32f10x_tim.o(.text)
    TIM_OC4PreloadConfig                     0x08001c2b   Thumb Code    26  stm32f10x_tim.o(.text)
    TIM_OC1FastConfig                        0x08001c45   Thumb Code    18  stm32f10x_tim.o(.text)
    TIM_OC2FastConfig                        0x08001c57   Thumb Code    26  stm32f10x_tim.o(.text)
    TIM_OC3FastConfig                        0x08001c71   Thumb Code    18  stm32f10x_tim.o(.text)
    TIM_OC4FastConfig                        0x08001c83   Thumb Code    26  stm32f10x_tim.o(.text)
    TIM_ClearOC1Ref                          0x08001c9d   Thumb Code    18  stm32f10x_tim.o(.text)
    TIM_ClearOC2Ref                          0x08001caf   Thumb Code    24  stm32f10x_tim.o(.text)
    TIM_ClearOC3Ref                          0x08001cc7   Thumb Code    18  stm32f10x_tim.o(.text)
    TIM_ClearOC4Ref                          0x08001cd9   Thumb Code    24  stm32f10x_tim.o(.text)
    TIM_OC1PolarityConfig                    0x08001cf1   Thumb Code    18  stm32f10x_tim.o(.text)
    TIM_OC1NPolarityConfig                   0x08001d03   Thumb Code    18  stm32f10x_tim.o(.text)
    TIM_OC2PolarityConfig                    0x08001d15   Thumb Code    26  stm32f10x_tim.o(.text)
    TIM_OC2NPolarityConfig                   0x08001d2f   Thumb Code    26  stm32f10x_tim.o(.text)
    TIM_OC3PolarityConfig                    0x08001d49   Thumb Code    26  stm32f10x_tim.o(.text)
    TIM_OC3NPolarityConfig                   0x08001d63   Thumb Code    26  stm32f10x_tim.o(.text)
    TIM_OC4PolarityConfig                    0x08001d7d   Thumb Code    26  stm32f10x_tim.o(.text)
    TIM_CCxCmd                               0x08001d97   Thumb Code    30  stm32f10x_tim.o(.text)
    TIM_CCxNCmd                              0x08001db5   Thumb Code    30  stm32f10x_tim.o(.text)
    TIM_SelectOCxM                           0x08001dd3   Thumb Code    82  stm32f10x_tim.o(.text)
    TIM_UpdateDisableConfig                  0x08001e25   Thumb Code    24  stm32f10x_tim.o(.text)
    TIM_UpdateRequestConfig                  0x08001e3d   Thumb Code    24  stm32f10x_tim.o(.text)
    TIM_SelectHallSensor                     0x08001e55   Thumb Code    24  stm32f10x_tim.o(.text)
    TIM_SelectOnePulseMode                   0x08001e6d   Thumb Code    18  stm32f10x_tim.o(.text)
    TIM_SelectOutputTrigger                  0x08001e7f   Thumb Code    18  stm32f10x_tim.o(.text)
    TIM_SelectSlaveMode                      0x08001e91   Thumb Code    18  stm32f10x_tim.o(.text)
    TIM_SelectMasterSlaveMode                0x08001ea3   Thumb Code    18  stm32f10x_tim.o(.text)
    TIM_SetCounter                           0x08001eb5   Thumb Code     4  stm32f10x_tim.o(.text)
    TIM_SetAutoreload                        0x08001eb9   Thumb Code     4  stm32f10x_tim.o(.text)
    TIM_SetCompare1                          0x08001ebd   Thumb Code     4  stm32f10x_tim.o(.text)
    TIM_SetCompare2                          0x08001ec1   Thumb Code     4  stm32f10x_tim.o(.text)
    TIM_SetCompare3                          0x08001ec5   Thumb Code     4  stm32f10x_tim.o(.text)
    TIM_SetCompare4                          0x08001ec9   Thumb Code     6  stm32f10x_tim.o(.text)
    TIM_SetClockDivision                     0x08001ecf   Thumb Code    18  stm32f10x_tim.o(.text)
    TIM_GetCapture1                          0x08001ee1   Thumb Code     6  stm32f10x_tim.o(.text)
    TIM_GetCapture2                          0x08001ee7   Thumb Code     6  stm32f10x_tim.o(.text)
    TIM_GetCapture3                          0x08001eed   Thumb Code     6  stm32f10x_tim.o(.text)
    TIM_GetCapture4                          0x08001ef3   Thumb Code     8  stm32f10x_tim.o(.text)
    TIM_GetCounter                           0x08001efb   Thumb Code     6  stm32f10x_tim.o(.text)
    TIM_GetPrescaler                         0x08001f01   Thumb Code     6  stm32f10x_tim.o(.text)
    TIM_GetFlagStatus                        0x08001f07   Thumb Code    18  stm32f10x_tim.o(.text)
    TIM_ClearFlag                            0x08001f19   Thumb Code     6  stm32f10x_tim.o(.text)
    TIM_GetITStatus                          0x08001f1f   Thumb Code    34  stm32f10x_tim.o(.text)
    TIM_ClearITPendingBit                    0x08001f41   Thumb Code     6  stm32f10x_tim.o(.text)
    DMA_DeInit                               0x08001f49   Thumb Code   324  stm32f10x_dma.o(.text)
    DMA_Init                                 0x0800208d   Thumb Code    60  stm32f10x_dma.o(.text)
    DMA_StructInit                           0x080020c9   Thumb Code    26  stm32f10x_dma.o(.text)
    DMA_Cmd                                  0x080020e3   Thumb Code    24  stm32f10x_dma.o(.text)
    DMA_ITConfig                             0x080020fb   Thumb Code    18  stm32f10x_dma.o(.text)
    DMA_SetCurrDataCounter                   0x0800210d   Thumb Code     4  stm32f10x_dma.o(.text)
    DMA_GetCurrDataCounter                   0x08002111   Thumb Code     8  stm32f10x_dma.o(.text)
    DMA_GetFlagStatus                        0x08002119   Thumb Code    40  stm32f10x_dma.o(.text)
    DMA_ClearFlag                            0x08002141   Thumb Code    22  stm32f10x_dma.o(.text)
    DMA_GetITStatus                          0x08002157   Thumb Code    40  stm32f10x_dma.o(.text)
    DMA_ClearITPendingBit                    0x0800217f   Thumb Code    22  stm32f10x_dma.o(.text)
    Reset_Handler                            0x0800219d   Thumb Code     8  startup_stm32f10x_hd.o(.text)
    ADC1_2_IRQHandler                        0x080021b7   Thumb Code     0  startup_stm32f10x_hd.o(.text)
    ADC3_IRQHandler                          0x080021b7   Thumb Code     0  startup_stm32f10x_hd.o(.text)
    CAN1_RX1_IRQHandler                      0x080021b7   Thumb Code     0  startup_stm32f10x_hd.o(.text)
    CAN1_SCE_IRQHandler                      0x080021b7   Thumb Code     0  startup_stm32f10x_hd.o(.text)
    DMA1_Channel1_IRQHandler                 0x080021b7   Thumb Code     0  startup_stm32f10x_hd.o(.text)
    DMA1_Channel2_IRQHandler                 0x080021b7   Thumb Code     0  startup_stm32f10x_hd.o(.text)
    DMA1_Channel3_IRQHandler                 0x080021b7   Thumb Code     0  startup_stm32f10x_hd.o(.text)
    DMA1_Channel4_IRQHandler                 0x080021b7   Thumb Code     0  startup_stm32f10x_hd.o(.text)
    DMA1_Channel5_IRQHandler                 0x080021b7   Thumb Code     0  startup_stm32f10x_hd.o(.text)
    DMA1_Channel6_IRQHandler                 0x080021b7   Thumb Code     0  startup_stm32f10x_hd.o(.text)
    DMA1_Channel7_IRQHandler                 0x080021b7   Thumb Code     0  startup_stm32f10x_hd.o(.text)
    DMA2_Channel1_IRQHandler                 0x080021b7   Thumb Code     0  startup_stm32f10x_hd.o(.text)
    DMA2_Channel2_IRQHandler                 0x080021b7   Thumb Code     0  startup_stm32f10x_hd.o(.text)
    DMA2_Channel3_IRQHandler                 0x080021b7   Thumb Code     0  startup_stm32f10x_hd.o(.text)
    DMA2_Channel4_5_IRQHandler               0x080021b7   Thumb Code     0  startup_stm32f10x_hd.o(.text)
    EXTI0_IRQHandler                         0x080021b7   Thumb Code     0  startup_stm32f10x_hd.o(.text)
    EXTI15_10_IRQHandler                     0x080021b7   Thumb Code     0  startup_stm32f10x_hd.o(.text)
    EXTI1_IRQHandler                         0x080021b7   Thumb Code     0  startup_stm32f10x_hd.o(.text)
    EXTI2_IRQHandler                         0x080021b7   Thumb Code     0  startup_stm32f10x_hd.o(.text)
    EXTI3_IRQHandler                         0x080021b7   Thumb Code     0  startup_stm32f10x_hd.o(.text)
    FLASH_IRQHandler                         0x080021b7   Thumb Code     0  startup_stm32f10x_hd.o(.text)
    FSMC_IRQHandler                          0x080021b7   Thumb Code     0  startup_stm32f10x_hd.o(.text)
    I2C1_ER_IRQHandler                       0x080021b7   Thumb Code     0  startup_stm32f10x_hd.o(.text)
    I2C1_EV_IRQHandler                       0x080021b7   Thumb Code     0  startup_stm32f10x_hd.o(.text)
    I2C2_ER_IRQHandler                       0x080021b7   Thumb Code     0  startup_stm32f10x_hd.o(.text)
    I2C2_EV_IRQHandler                       0x080021b7   Thumb Code     0  startup_stm32f10x_hd.o(.text)
    PVD_IRQHandler                           0x080021b7   Thumb Code     0  startup_stm32f10x_hd.o(.text)
    RCC_IRQHandler                           0x080021b7   Thumb Code     0  startup_stm32f10x_hd.o(.text)
    RTCAlarm_IRQHandler                      0x080021b7   Thumb Code     0  startup_stm32f10x_hd.o(.text)
    RTC_IRQHandler                           0x080021b7   Thumb Code     0  startup_stm32f10x_hd.o(.text)
    SDIO_IRQHandler                          0x080021b7   Thumb Code     0  startup_stm32f10x_hd.o(.text)
    SPI1_IRQHandler                          0x080021b7   Thumb Code     0  startup_stm32f10x_hd.o(.text)
    SPI2_IRQHandler                          0x080021b7   Thumb Code     0  startup_stm32f10x_hd.o(.text)
    SPI3_IRQHandler                          0x080021b7   Thumb Code     0  startup_stm32f10x_hd.o(.text)
    TAMPER_IRQHandler                        0x080021b7   Thumb Code     0  startup_stm32f10x_hd.o(.text)
    TIM1_BRK_IRQHandler                      0x080021b7   Thumb Code     0  startup_stm32f10x_hd.o(.text)
    TIM1_CC_IRQHandler                       0x080021b7   Thumb Code     0  startup_stm32f10x_hd.o(.text)
    TIM1_TRG_COM_IRQHandler                  0x080021b7   Thumb Code     0  startup_stm32f10x_hd.o(.text)
    TIM1_UP_IRQHandler                       0x080021b7   Thumb Code     0  startup_stm32f10x_hd.o(.text)
    TIM3_IRQHandler                          0x080021b7   Thumb Code     0  startup_stm32f10x_hd.o(.text)
    TIM5_IRQHandler                          0x080021b7   Thumb Code     0  startup_stm32f10x_hd.o(.text)
    TIM6_IRQHandler                          0x080021b7   Thumb Code     0  startup_stm32f10x_hd.o(.text)
    TIM7_IRQHandler                          0x080021b7   Thumb Code     0  startup_stm32f10x_hd.o(.text)
    TIM8_BRK_IRQHandler                      0x080021b7   Thumb Code     0  startup_stm32f10x_hd.o(.text)
    TIM8_CC_IRQHandler                       0x080021b7   Thumb Code     0  startup_stm32f10x_hd.o(.text)
    TIM8_TRG_COM_IRQHandler                  0x080021b7   Thumb Code     0  startup_stm32f10x_hd.o(.text)
    TIM8_UP_IRQHandler                       0x080021b7   Thumb Code     0  startup_stm32f10x_hd.o(.text)
    USBWakeUp_IRQHandler                     0x080021b7   Thumb Code     0  startup_stm32f10x_hd.o(.text)
    USB_HP_CAN1_TX_IRQHandler                0x080021b7   Thumb Code     0  startup_stm32f10x_hd.o(.text)
    USB_LP_CAN1_RX0_IRQHandler               0x080021b7   Thumb Code     0  startup_stm32f10x_hd.o(.text)
    WWDG_IRQHandler                          0x080021b7   Thumb Code     0  startup_stm32f10x_hd.o(.text)
    __user_initial_stackheap                 0x080021b9   Thumb Code     0  startup_stm32f10x_hd.o(.text)
    NMI_Handler                              0x080021dd   Thumb Code     2  stm32f10x_it.o(.text)
    HardFault_Handler                        0x080021df   Thumb Code     4  stm32f10x_it.o(.text)
    MemManage_Handler                        0x080021e3   Thumb Code     4  stm32f10x_it.o(.text)
    BusFault_Handler                         0x080021e7   Thumb Code     4  stm32f10x_it.o(.text)
    UsageFault_Handler                       0x080021eb   Thumb Code     4  stm32f10x_it.o(.text)
    SVC_Handler                              0x080021ef   Thumb Code     2  stm32f10x_it.o(.text)
    DebugMon_Handler                         0x080021f1   Thumb Code     2  stm32f10x_it.o(.text)
    PendSV_Handler                           0x080021f3   Thumb Code     2  stm32f10x_it.o(.text)
    SysTick_Handler                          0x080021f5   Thumb Code     2  stm32f10x_it.o(.text)
    USART1_IRQHandler                        0x080021f7   Thumb Code     2  stm32f10x_it.o(.text)
    main                                     0x080021f9   Thumb Code    98  main.o(.text)
    delay                                    0x0800225d   Thumb Code    12  public.o(.text)
    delayus                                  0x08002269   Thumb Code    54  public.o(.text)
    delayms                                  0x0800229f   Thumb Code    56  public.o(.text)
    delay_init_printf                        0x080022d7   Thumb Code    50  public.o(.text)
    SendChar                                 0x08002319   Thumb Code    26  debug.o(.text)
    GetKey                                   0x08002333   Thumb Code    26  debug.o(.text)
    fputc                                    0x0800234d   Thumb Code    14  debug.o(.text)
    fgetc                                    0x0800235b   Thumb Code    16  debug.o(.text)
    _ttywrch                                 0x0800236b   Thumb Code    12  debug.o(.text)
    ferror                                   0x08002377   Thumb Code     8  debug.o(.text)
    _sys_exit                                0x0800237f   Thumb Code     4  debug.o(.text)
    GPIOINIT_LED                             0x08002389   Thumb Code    42  gpio.o(.text)
    GPIOINIT_STATE_LED                       0x080023b3   Thumb Code    42  gpio.o(.text)
    GPIOINIT_ADC                             0x080023dd   Thumb Code    56  gpio.o(.text)
    GPIOINIT_FAN                             0x08002415   Thumb Code    30  gpio.o(.text)
    GPIOINIT_HEATER                          0x08002433   Thumb Code    42  gpio.o(.text)
    USART1_GPIOINIT                          0x0800245d   Thumb Code    60  gpio.o(.text)
    USART2_GPIOINIT                          0x08002499   Thumb Code    80  gpio.o(.text)
    USART3_GPIOINIT                          0x080024e9   Thumb Code    70  gpio.o(.text)
    UART4_GPIOINIT                           0x0800252f   Thumb Code    54  gpio.o(.text)
    USART5_GPIOINIT                          0x08002565   Thumb Code    78  gpio.o(.text)
    INFRARED_GPIOINIT                        0x080025b3   Thumb Code    88  gpio.o(.text)
    EXTI4_IRQHandler                         0x0800260b   Thumb Code    16  gpio.o(.text)
    EXTI9_5_IRQHandler                       0x0800261b   Thumb Code    16  gpio.o(.text)
    OC_INTERRUPT_INIT                        0x0800262b   Thumb Code    84  gpio.o(.text)
    OC_INTERRUPT_DEINIT                      0x0800267f   Thumb Code    84  gpio.o(.text)
    GPIOINIT                                 0x080026d3   Thumb Code    40  gpio.o(.text)
    ALARM_GPIOINIT                           0x080026fb   Thumb Code   118  gpio.o(.text)
    i2c_temp_fan_heater                      0x08002791   Thumb Code   108  i2c.o(.text)
    i2c_showtmp                              0x080027fd   Thumb Code   100  i2c.o(.text)
    i2c_write_enqueue                        0x08002861   Thumb Code    72  i2c.o(.text)
    e2prom_write_enqueue                     0x080028a9   Thumb Code    22  i2c.o(.text)
    i2c_read_enqueue                         0x080028bf   Thumb Code    60  i2c.o(.text)
    e2prom_read_enqueue                      0x080028fb   Thumb Code    22  i2c.o(.text)
    sht30_read_tmpreture_enqueue             0x08002911   Thumb Code    48  i2c.o(.text)
    sht30_read_tmpreture_enqueue_timer       0x08002941   Thumb Code    44  i2c.o(.text)
    sht30_proc                               0x0800296d   Thumb Code    12  i2c.o(.text)
    sht30_timer_proc                         0x08002979   Thumb Code    12  i2c.o(.text)
    stop                                     0x08002985   Thumb Code    36  i2c.o(.text)
    query_ack                                0x080029a9   Thumb Code    94  i2c.o(.text)
    wrbyte                                   0x08002a07   Thumb Code   116  i2c.o(.text)
    ack                                      0x08002a7b   Thumb Code    80  i2c.o(.text)
    notack                                   0x08002acb   Thumb Code    52  i2c.o(.text)
    rdbyte                                   0x08002aff   Thumb Code   118  i2c.o(.text)
    start                                    0x08002b75   Thumb Code    20  i2c.o(.text)
    i2c_proc                                 0x08002b89   Thumb Code   438  i2c.o(.text)
    i2c_init                                 0x08002d3f   Thumb Code    84  i2c.o(.text)
    wrbytes                                  0x08002d93   Thumb Code    46  i2c.o(.text)
    rdbytes                                  0x08002dc1   Thumb Code    62  i2c.o(.text)
    rcv_ack                                  0x08002dff   Thumb Code    68  i2c.o(.text)
    rcv_nack                                 0x08002e43   Thumb Code    62  i2c.o(.text)
    sth3x_softreset                          0x08002e81   Thumb Code    42  i2c.o(.text)
    rdtemps                                  0x08002eab   Thumb Code   258  i2c.o(.text)
    set_speed_scale                          0x08003055   Thumb Code    70  motor.o(.text)
    target_fifo_in                           0x0800309b   Thumb Code    64  motor.o(.text)
    target_fifo_in_                          0x08003127   Thumb Code    60  motor.o(.text)
    rec_buf_in                               0x08003163   Thumb Code    80  motor.o(.text)
    rec_buf_out_cw                           0x080031b3   Thumb Code   124  motor.o(.text)
    rec_buf_out_cww                          0x0800322f   Thumb Code   168  motor.o(.text)
    state_rec_start                          0x080032d7   Thumb Code    28  motor.o(.text)
    state_rec_stop                           0x080032f3   Thumb Code    34  motor.o(.text)
    state_sca_start                          0x08003315   Thumb Code    36  motor.o(.text)
    state_sca_stop                           0x08003339   Thumb Code    32  motor.o(.text)
    motor_get_speed_grade                    0x080036ad   Thumb Code     8  motor.o(.text)
    motor_get_current                        0x080036b5   Thumb Code    12  motor.o(.text)
    motor_set_speed_grade                    0x080036c1   Thumb Code     6  motor.o(.text)
    motor_set_direction                      0x080036c7   Thumb Code     6  motor.o(.text)
    motor_stop                               0x080036ed   Thumb Code   164  motor.o(.text)
    motor_load_diff_tilt                     0x08003791   Thumb Code   140  motor.o(.text)
    motor_load_diff_pan                      0x0800381d   Thumb Code    88  motor.o(.text)
    motor_load_presetpoint_tilt              0x08003875   Thumb Code    60  motor.o(.text)
    motor_load_presetpoint_pan               0x080038b1   Thumb Code   468  motor.o(.text)
    motor_pan_right                          0x08003a85   Thumb Code    38  motor.o(.text)
    motor_tilt_down                          0x08003aab   Thumb Code    38  motor.o(.text)
    motor_pan_left                           0x08003ad1   Thumb Code    36  motor.o(.text)
    motor_tilt_up                            0x08003af5   Thumb Code    34  motor.o(.text)
    motor_control_proc                       0x08003b17   Thumb Code   218  motor.o(.text)
    sca_proc                                 0x08003e13   Thumb Code   220  motor.o(.text)
    motor_control_proc2                      0x08003eef   Thumb Code   194  motor.o(.text)
    TIM2_IRQHandler                          0x08003fb1   Thumb Code    88  motor.o(.text)
    Timer1_Init                              0x08004009   Thumb Code   118  motor.o(.text)
    Timer2_Init                              0x0800407f   Thumb Code   124  motor.o(.text)
    motor_gpio_init                          0x080040fb   Thumb Code   114  motor.o(.text)
    motor_rcc_init                           0x0800416d   Thumb Code    20  motor.o(.text)
    motor_timer_init                         0x08004181   Thumb Code   138  motor.o(.text)
    Timer1_pwmInit                           0x0800420b   Thumb Code   190  motor.o(.text)
    Timer1_pwmInit_again                     0x080042c9   Thumb Code    28  motor.o(.text)
    motor_init                               0x080042e5   Thumb Code   110  motor.o(.text)
    motor_stop_all                           0x08004353   Thumb Code     2  motor.o(.text)
    motor_get_reached_                       0x08004355   Thumb Code    40  motor.o(.text)
    pt_get_reached                           0x0800437d   Thumb Code    40  motor.o(.text)
    calib_interrupt_hand                     0x080043a5   Thumb Code   220  motor.o(.text)
    calib_hand                               0x08004481   Thumb Code   158  motor.o(.text)
    motor_calib                              0x0800451f   Thumb Code   124  motor.o(.text)
    async_motor_load_preset_tilt             0x0800459b   Thumb Code    18  motor.o(.text)
    async_motor_load_preset_pan              0x080045ad   Thumb Code    18  motor.o(.text)
    async_motor_load_diff_tilt               0x080045bf   Thumb Code    18  motor.o(.text)
    async_motor_load_diff_pan                0x080045d1   Thumb Code    18  motor.o(.text)
    async_motor_tilt_down                    0x080045e3   Thumb Code    18  motor.o(.text)
    async_motor_tilt_up                      0x080045f5   Thumb Code    18  motor.o(.text)
    async_motor_pan_left                     0x08004607   Thumb Code    18  motor.o(.text)
    async_motor_pan_right                    0x08004619   Thumb Code    18  motor.o(.text)
    async_motor_stop                         0x0800462b   Thumb Code    28  motor.o(.text)
    pwm_a8_open                              0x08004647   Thumb Code    32  motor.o(.text)
    pwm_a8_close                             0x08004667   Thumb Code    32  motor.o(.text)
    pwm_b13_open                             0x08004687   Thumb Code    32  motor.o(.text)
    pwm_b13_close                            0x080046a7   Thumb Code   122  motor.o(.text)
    pwm_b14_open                             0x08004721   Thumb Code    32  motor.o(.text)
    pwm_b14_close                            0x08004741   Thumb Code    32  motor.o(.text)
    debug_m                                  0x08004761   Thumb Code    32  motor.o(.text)
    NVICINIT                                 0x0800480d   Thumb Code   218  nvic.o(.text)
    oc_init                                  0x080048e9   Thumb Code    56  oc.o(.text)
    oc_on                                    0x08004921   Thumb Code    24  oc.o(.text)
    oc_off                                   0x08004939   Thumb Code    52  oc.o(.text)
    oc_state                                 0x0800496d   Thumb Code    38  oc.o(.text)
    oc_gpio_out_debug                        0x08004993   Thumb Code    32  oc.o(.text)
    zoom_inquiry_cond                        0x08004a35   Thumb Code    32  usart.o(.text)
    visca_zoom_Inquiry_cond                  0x08004a55   Thumb Code    56  usart.o(.text)
    pelco_d_up                               0x08004a8d   Thumb Code    30  usart.o(.text)
    pelco_d_down                             0x08004aab   Thumb Code    30  usart.o(.text)
    pelco_d_left                             0x08004ac9   Thumb Code    30  usart.o(.text)
    pelco_d_right                            0x08004ae7   Thumb Code    30  usart.o(.text)
    pelco_d_leftup                           0x08004b05   Thumb Code    36  usart.o(.text)
    pelco_d_rightup                          0x08004b29   Thumb Code    36  usart.o(.text)
    pelco_d_leftdown                         0x08004b4d   Thumb Code    36  usart.o(.text)
    pelco_d_rightdown                        0x08004b71   Thumb Code    36  usart.o(.text)
    visca_zoom_wide                          0x08004b95   Thumb Code    46  usart.o(.text)
    pelco_d_wide                             0x08004bc3   Thumb Code    22  usart.o(.text)
    visca_zoom_tele                          0x08004bd9   Thumb Code    46  usart.o(.text)
    pelco_d_tele                             0x08004c07   Thumb Code    22  usart.o(.text)
    visca_focus_near                         0x08004c1d   Thumb Code    46  usart.o(.text)
    pelco_d_near                             0x08004c4b   Thumb Code    22  usart.o(.text)
    visca_focus_far                          0x08004c61   Thumb Code    46  usart.o(.text)
    pelco_d_far                              0x08004c8f   Thumb Code    22  usart.o(.text)
    pelco_d_irisopen                         0x08004ca5   Thumb Code    18  usart.o(.text)
    pelco_d_irisclose                        0x08004cb7   Thumb Code    18  usart.o(.text)
    visca_zoom_stop                          0x08004cc9   Thumb Code    46  usart.o(.text)
    visca_focus_stop                         0x08004cf7   Thumb Code    46  usart.o(.text)
    pelco_d_stop                             0x08004d25   Thumb Code    30  usart.o(.text)
    pelco_d_3d_pos_zoomout                   0x08004d43   Thumb Code    48  usart.o(.text)
    pelco_d_3d_pos_zoomin                    0x08004d73   Thumb Code    48  usart.o(.text)
    visca_focus_Inquiry                      0x08005005   Thumb Code    58  usart.o(.text)
    visca_zoom_Inquiry                       0x0800503f   Thumb Code    60  usart.o(.text)
    pelco_d_save_preset_point                0x0800507b   Thumb Code    76  usart.o(.text)
    visca_focus_direct                       0x080050c7   Thumb Code   100  usart.o(.text)
    visca_zoom_direct                        0x0800512b   Thumb Code   100  usart.o(.text)
    pelco_d_load_preset_point                0x080051e1   Thumb Code    46  usart.o(.text)
    pelco_d_delete_preset_point              0x0800520f   Thumb Code    62  usart.o(.text)
    pelco_d_set_leftline                     0x0800531b   Thumb Code    36  usart.o(.text)
    pelco_d_set_rightline                    0x0800533f   Thumb Code   550  usart.o(.text)
    pelco_d_start_line                       0x080056c5   Thumb Code    40  usart.o(.text)
    pelco_d_stop_line                        0x080056ed   Thumb Code    24  usart.o(.text)
    pelco_d_rec_start                        0x08005705   Thumb Code    48  usart.o(.text)
    pelco_d_rec_stop                         0x08005735   Thumb Code    16  usart.o(.text)
    Myrandom                                 0x08005745   Thumb Code    70  usart.o(.text)
    pelco_d_scan_start                       0x0800578b   Thumb Code    28  usart.o(.text)
    pelco_d_scan_stop                        0x080057a7   Thumb Code    22  usart.o(.text)
    USART_INIT_Baud                          0x080057bd   Thumb Code   276  usart.o(.text)
    UART2_Set_Send                           0x080058d1   Thumb Code    12  usart.o(.text)
    UART2_Set_Recieve                        0x080058dd   Thumb Code    12  usart.o(.text)
    UART5_Set_Send                           0x080058e9   Thumb Code    14  usart.o(.text)
    UART5_Set_Recieve                        0x080058f7   Thumb Code    14  usart.o(.text)
    UART2_SendChar                           0x08005905   Thumb Code    26  usart.o(.text)
    USART2_IRQHandler                        0x0800591f   Thumb Code   382  usart.o(.text)
    USART2_receive                           0x08005a9d   Thumb Code    38  usart.o(.text)
    UART3_SendChar                           0x08005ac3   Thumb Code    26  usart.o(.text)
    uart5_485_init                           0x08005add   Thumb Code    68  usart.o(.text)
    uart4_init                               0x08005b21   Thumb Code    48  usart.o(.text)
    UART4_IRQHandler                         0x08005b51   Thumb Code    64  usart.o(.text)
    UART5_IRQHandler                         0x08005b91   Thumb Code    68  usart.o(.text)
    USART2_fetch_buff                        0x08005bd5   Thumb Code    14  usart.o(.text)
    parse_pelco_d                            0x08005be3   Thumb Code   198  usart.o(.text)
    parse_pelco_p                            0x08005ca9   Thumb Code    12  usart.o(.text)
    usart2_proc                              0x08005cb5   Thumb Code   196  usart.o(.text)
    uart5_project_proc                       0x08005d79   Thumb Code    80  usart.o(.text)
    engineering_proc                         0x08005dc9   Thumb Code    14  usart.o(.text)
    uart5_proc                               0x08005dd7   Thumb Code    54  usart.o(.text)
    uart4_proc                               0x08005e0d   Thumb Code    46  usart.o(.text)
    uart4_debug_proc                         0x08005e3b   Thumb Code   210  usart.o(.text)
    uart5_debug_proc                         0x08005f0d   Thumb Code    80  usart.o(.text)
    visca_set_address                        0x08005f5d   Thumb Code    52  usart.o(.text)
    visca_zoom_wide_var                      0x08005f91   Thumb Code    62  usart.o(.text)
    visca_zoom_tele_var                      0x08005fcf   Thumb Code    62  usart.o(.text)
    visca_zoom_direct_cond                   0x0800600d   Thumb Code   102  usart.o(.text)
    visca_zoom_focus_direct                  0x08006073   Thumb Code   160  usart.o(.text)
    visca_ircut_switch2day                   0x08006113   Thumb Code    46  usart.o(.text)
    visca_ircut_switch2night                 0x08006141   Thumb Code    46  usart.o(.text)
    visca_focus_day_or_night_Inquiry         0x0800616f   Thumb Code    52  usart.o(.text)
    infrared_action                          0x080061a3   Thumb Code    82  usart.o(.text)
    coefficient_radio                        0x080061f5   Thumb Code    28  usart.o(.text)
    infrared_action_proc                     0x08006211   Thumb Code   654  usart.o(.text)
    infrared_app_proc                        0x0800649f   Thumb Code    30  usart.o(.text)
    visca_focus_zoom_Inquiry                 0x080064bd   Thumb Code    52  usart.o(.text)
    visca_alarm_in_channel                   0x080064f1   Thumb Code    58  usart.o(.text)
    visca_alarm_out_channel                  0x0800652b   Thumb Code    52  usart.o(.text)
    visca_alarm_in_status                    0x0800655f   Thumb Code    52  usart.o(.text)
    usart3_cond_send_proc                    0x08006593   Thumb Code    96  usart.o(.text)
    usart3_rcv_proc                          0x080065f3   Thumb Code   286  usart.o(.text)
    usart3_send_proc                         0x08006711   Thumb Code   398  usart.o(.text)
    USART_receive                            0x0800689f   Thumb Code     2  usart.o(.text)
    USART3_IRQHandler                        0x080068a1   Thumb Code    26  usart.o(.text)
    TIM4_IRQHandler                          0x080068bb   Thumb Code    28  usart.o(.text)
    dma_init                                 0x080068d7   Thumb Code   128  usart.o(.text)
    usart_fifo_init                          0x08006957   Thumb Code    76  usart.o(.text)
    USARTINIT                                0x080069a3   Thumb Code    62  usart.o(.text)
    uart_init_printf                         0x080069e1   Thumb Code   152  usart.o(.text)
    TIM4_Int_Init                            0x08006a79   Thumb Code    60  usart.o(.text)
    RCCINIT                                  0x08006ab5   Thumb Code   142  usart.o(.text)
    fifo_init                                0x08006b9d   Thumb Code    16  fifo.o(.text)
    fifo_put                                 0x08006bad   Thumb Code   160  fifo.o(.text)
    fifo_get                                 0x08006c4d   Thumb Code   174  fifo.o(.text)
    fifo_set_put                             0x08006cfb   Thumb Code     4  fifo.o(.text)
    threedpos_init                           0x08006d01   Thumb Code    16  3dpos.o(.text)
    set_3d_pos                               0x0800733d   Thumb Code    54  3dpos.o(.text)
    ALARM_out_status                         0x080073e9   Thumb Code    26  alarm.o(.text)
    ALARM_recv                               0x08007403   Thumb Code   146  alarm.o(.text)
    ALARM_in_proc                            0x08007495   Thumb Code   102  alarm.o(.text)
    __I$use$semihosting                      0x08007539   Thumb Code     0  use_no_semi.o(.text)
    __use_no_semihosting_swi                 0x08007539   Thumb Code     2  use_no_semi.o(.text)
    __aeabi_ldivmod                          0x0800753b   Thumb Code     0  llsdiv.o(.text)
    _ll_sdiv                                 0x0800753b   Thumb Code    72  llsdiv.o(.text)
    __2printf                                0x08007585   Thumb Code    20  noretval__2printf.o(.text)
    _printf_str                              0x0800759d   Thumb Code    82  _printf_str.o(.text)
    _printf_int_dec                          0x080075f1   Thumb Code   104  _printf_dec.o(.text)
    _printf_longlong_dec                     0x08007669   Thumb Code   108  _printf_longlong_dec.o(.text)
    _printf_int_hex                          0x080076e5   Thumb Code    84  _printf_hex_int.o(.text)
    _printf_longlong_hex                     0x080076e5   Thumb Code     0  _printf_hex_int.o(.text)
    __printf                                 0x0800773d   Thumb Code   232  __printf_flags_ss.o(.text)
    srand                                    0x08007829   Thumb Code    42  rand.o(.text)
    _rand_init                               0x08007853   Thumb Code     4  rand.o(.text)
    __aeabi_memcpy                           0x08007865   Thumb Code     0  rt_memcpy_v6.o(.text)
    __rt_memcpy                              0x08007865   Thumb Code   138  rt_memcpy_v6.o(.text)
    _memcpy_lastbytes                        0x080078cb   Thumb Code     0  rt_memcpy_v6.o(.text)
    __aeabi_memcpy4                          0x080078ef   Thumb Code     0  rt_memcpy_w.o(.text)
    __aeabi_memcpy8                          0x080078ef   Thumb Code     0  rt_memcpy_w.o(.text)
    __rt_memcpy_w                            0x080078ef   Thumb Code   100  rt_memcpy_w.o(.text)
    _memcpy_lastbytes_aligned                0x08007937   Thumb Code     0  rt_memcpy_w.o(.text)
    __use_two_region_memory                  0x08007953   Thumb Code     2  heapauxi.o(.text)
    __rt_heap_escrow$2region                 0x08007955   Thumb Code     2  heapauxi.o(.text)
    __rt_heap_expand$2region                 0x08007957   Thumb Code     2  heapauxi.o(.text)
    __aeabi_uldivmod                         0x08007959   Thumb Code     0  lludivv7m.o(.text)
    _ll_udiv                                 0x08007959   Thumb Code   238  lludivv7m.o(.text)
    _ll_udiv10                               0x08007a47   Thumb Code   138  lludiv10.o(.text)
    __read_errno                             0x08007ad1   Thumb Code    10  _rserrno.o(.text)
    __set_errno                              0x08007adb   Thumb Code    12  _rserrno.o(.text)
    _printf_int_common                       0x08007ae7   Thumb Code   178  _printf_intcommon.o(.text)
    __lib_sel_fp_printf                      0x08007b99   Thumb Code     2  _printf_fp_dec.o(.text)
    _printf_fp_dec_real                      0x08007d47   Thumb Code   620  _printf_fp_dec.o(.text)
    _printf_cs_common                        0x08007fb3   Thumb Code    20  _printf_char.o(.text)
    _printf_char                             0x08007fc7   Thumb Code    16  _printf_char.o(.text)
    _printf_string                           0x08007fd7   Thumb Code     8  _printf_char.o(.text)
    _printf_char_file                        0x08007fe1   Thumb Code    32  _printf_char_file.o(.text)
    __rt_locale                              0x08008005   Thumb Code     8  rt_locale_intlibspace.o(.text)
    __aeabi_errno_addr                       0x0800800d   Thumb Code     8  rt_errno_addr_intlibspace.o(.text)
    __errno$intlibspace                      0x0800800d   Thumb Code     0  rt_errno_addr_intlibspace.o(.text)
    __rt_errno_addr$intlibspace              0x0800800d   Thumb Code     0  rt_errno_addr_intlibspace.o(.text)
    _printf_char_common                      0x0800801f   Thumb Code    32  _printf_char_common.o(.text)
    _printf_fp_infnan                        0x08008045   Thumb Code   112  _printf_fp_infnan.o(.text)
    _btod_etento                             0x080080c5   Thumb Code   216  bigflt0.o(.text)
    __user_libspace                          0x080081a1   Thumb Code     8  libspace.o(.text)
    __user_perproc_libspace                  0x080081a1   Thumb Code     0  libspace.o(.text)
    __user_perthread_libspace                0x080081a1   Thumb Code     0  libspace.o(.text)
    __user_setup_stackheap                   0x080081a9   Thumb Code    74  sys_stackheap_outer.o(.text)
    exit                                     0x080081f3   Thumb Code    12  exit.o(.text)
    strcmp                                   0x08008201   Thumb Code   128  strcmpv7m.o(.text)
    _btod_d2e                                0x08008281   Thumb Code    62  btod.o(CL$$btod_d2e)
    _d2e_denorm_low                          0x080082bf   Thumb Code    70  btod.o(CL$$btod_d2e_denorm_low)
    _d2e_norm_op1                            0x08008305   Thumb Code    96  btod.o(CL$$btod_d2e_norm_op1)
    __btod_div_common                        0x08008365   Thumb Code   696  btod.o(CL$$btod_div_common)
    _e2e                                     0x0800869d   Thumb Code   198  btod.o(CL$$btod_e2e)
    _btod_ediv                               0x08008763   Thumb Code    40  btod.o(CL$$btod_ediv)
    _btod_emul                               0x0800878b   Thumb Code    40  btod.o(CL$$btod_emul)
    __btod_mult_common                       0x080087b3   Thumb Code   580  btod.o(CL$$btod_mult_common)
    __ARM_fpclassify                         0x080089f7   Thumb Code    40  fpclassify.o(i.__ARM_fpclassify)
    __ieee754_rem_pio2                       0x08008a21   Thumb Code   828  rred.o(i.__ieee754_rem_pio2)
    __kernel_cos                             0x08008da9   Thumb Code   230  cos_i.o(i.__kernel_cos)
    __kernel_poly                            0x08008ea5   Thumb Code   170  poly.o(i.__kernel_poly)
    __kernel_sin                             0x08008f51   Thumb Code   224  sin_i.o(i.__kernel_sin)
    __mathlib_dbl_infnan                     0x0800903d   Thumb Code     6  dunder.o(i.__mathlib_dbl_infnan)
    __mathlib_dbl_invalid                    0x08009043   Thumb Code    12  dunder.o(i.__mathlib_dbl_invalid)
    __mathlib_dbl_underflow                  0x08009051   Thumb Code    10  dunder.o(i.__mathlib_dbl_underflow)
    cos                                      0x08009061   Thumb Code   148  cos.o(i.cos)
    roundf                                   0x080090fd   Thumb Code   114  roundf.o(i.roundf)
    sqrt                                     0x0800916f   Thumb Code    76  sqrt.o(i.sqrt)
    _get_lc_numeric                          0x080091bd   Thumb Code    44  lc_numeric_c.o(locale$$code)
    __aeabi_d2f                              0x080091e9   Thumb Code     0  d2f.o(x$fpl$d2f)
    _d2f                                     0x080091e9   Thumb Code    98  d2f.o(x$fpl$d2f)
    __aeabi_dadd                             0x0800924d   Thumb Code     0  daddsub_clz.o(x$fpl$dadd)
    _dadd                                    0x0800924d   Thumb Code   332  daddsub_clz.o(x$fpl$dadd)
    __fpl_dcheck_NaN1                        0x0800939d   Thumb Code    10  dcheck1.o(x$fpl$dcheck1)
    __aeabi_ddiv                             0x080093ad   Thumb Code     0  ddiv.o(x$fpl$ddiv)
    _ddiv                                    0x080093ad   Thumb Code   552  ddiv.o(x$fpl$ddiv)
    __aeabi_d2iz                             0x0800965d   Thumb Code     0  dfix.o(x$fpl$dfix)
    _dfix                                    0x0800965d   Thumb Code    94  dfix.o(x$fpl$dfix)
    __aeabi_i2d                              0x080096bb   Thumb Code     0  dflt_clz.o(x$fpl$dflt)
    _dflt                                    0x080096bb   Thumb Code    46  dflt_clz.o(x$fpl$dflt)
    __aeabi_ui2d                             0x080096e9   Thumb Code     0  dflt_clz.o(x$fpl$dfltu)
    _dfltu                                   0x080096e9   Thumb Code    38  dflt_clz.o(x$fpl$dfltu)
    __aeabi_dmul                             0x08009711   Thumb Code     0  dmul.o(x$fpl$dmul)
    _dmul                                    0x08009711   Thumb Code   332  dmul.o(x$fpl$dmul)
    __fpl_dnaninf                            0x08009865   Thumb Code   156  dnaninf.o(x$fpl$dnaninf)
    __fpl_dretinf                            0x08009901   Thumb Code    12  dretinf.o(x$fpl$dretinf)
    __aeabi_drsub                            0x0800990d   Thumb Code     0  daddsub_clz.o(x$fpl$drsb)
    _drsb                                    0x0800990d   Thumb Code    22  daddsub_clz.o(x$fpl$drsb)
    _dsqrt                                   0x08009925   Thumb Code   456  dsqrt_noumaal.o(x$fpl$dsqrt)
    __aeabi_dsub                             0x08009af1   Thumb Code     0  daddsub_clz.o(x$fpl$dsub)
    _dsub                                    0x08009af1   Thumb Code   464  daddsub_clz.o(x$fpl$dsub)
    __aeabi_f2d                              0x08009cc5   Thumb Code     0  f2d.o(x$fpl$f2d)
    _f2d                                     0x08009cc5   Thumb Code    86  f2d.o(x$fpl$f2d)
    __aeabi_fadd                             0x08009d1d   Thumb Code     0  faddsub_clz.o(x$fpl$fadd)
    _fadd                                    0x08009d1d   Thumb Code   196  faddsub_clz.o(x$fpl$fadd)
    __fpl_fcmp_Inf                           0x08009de1   Thumb Code    24  fcmpi.o(x$fpl$fcmpinf)
    __aeabi_fdiv                             0x08009df9   Thumb Code     0  fdiv.o(x$fpl$fdiv)
    _fdiv                                    0x08009df9   Thumb Code   384  fdiv.o(x$fpl$fdiv)
    __aeabi_cfcmpeq                          0x08009f7d   Thumb Code     0  feqf.o(x$fpl$feqf)
    _fcmpeq                                  0x08009f7d   Thumb Code   104  feqf.o(x$fpl$feqf)
    __aeabi_i2f                              0x08009fe5   Thumb Code     0  fflt_clz.o(x$fpl$fflt)
    _fflt                                    0x08009fe5   Thumb Code    48  fflt_clz.o(x$fpl$fflt)
    __aeabi_ui2f                             0x0800a015   Thumb Code     0  fflt_clz.o(x$fpl$ffltu)
    _ffltu                                   0x0800a015   Thumb Code    38  fflt_clz.o(x$fpl$ffltu)
    __aeabi_fmul                             0x0800a03d   Thumb Code     0  fmul.o(x$fpl$fmul)
    _fmul                                    0x0800a03d   Thumb Code   258  fmul.o(x$fpl$fmul)
    __fpl_fnaninf                            0x0800a13f   Thumb Code   140  fnaninf.o(x$fpl$fnaninf)
    __fpl_fretinf                            0x0800a1cb   Thumb Code    10  fretinf.o(x$fpl$fretinf)
    _frnd                                    0x0800a1d5   Thumb Code    96  frnd.o(x$fpl$frnd)
    __aeabi_frsub                            0x0800a235   Thumb Code     0  faddsub_clz.o(x$fpl$frsb)
    _frsb                                    0x0800a235   Thumb Code    20  faddsub_clz.o(x$fpl$frsb)
    __aeabi_fsub                             0x0800a249   Thumb Code     0  faddsub_clz.o(x$fpl$fsub)
    _fsub                                    0x0800a249   Thumb Code   234  faddsub_clz.o(x$fpl$fsub)
    _printf_fp_dec                           0x0800a333   Thumb Code     4  printf1.o(x$fpl$printf1)
    __fpl_return_NaN                         0x0800a337   Thumb Code   100  retnan.o(x$fpl$retnan)
    __ARM_scalbn                             0x0800a39b   Thumb Code    92  scalbn.o(x$fpl$scalbn)
    __fpl_cmpreturn                          0x0800a3f7   Thumb Code    48  trapv.o(x$fpl$trapveneer)
    __I$use$fp                               0x0800a426   Number         0  usenofp.o(x$fpl$usenofp)
    phase_tbl                                0x0800a426   Data         256  motor.o(.constdata)
    sin_wave_tbl                             0x0800a526   Data         512  motor.o(.constdata)
    speed_down_scale_tbl                     0x0800a726   Data           8  motor.o(.constdata)
    speed_down_tbl                           0x0800a72e   Data          56  motor.o(.constdata)
    speed_limit_tbl                          0x0800a766   Data          16  motor.o(.constdata)
    speed_x_zoom                             0x0800aaf8   Data         128  usart.o(.constdata)
    sz_pelcod_cmd                            0x0800ab78   Data           4  usart.o(.constdata)
    visca_completion                         0x0800ab7c   Data           3  usart.o(.constdata)
    visca_ack                                0x0800ab7f   Data           3  usart.o(.constdata)
    zoom_view_tbl_pan                        0x0800ab84   Data        1392  3dpos.o(.constdata)
    zoom_view_tilt_max                       0x0800b0f4   Data           4  3dpos.o(.constdata)
    Region$$Table$$Base                      0x0800b340   Number         0  anon$$obj.o(Region$$Table)
    Region$$Table$$Limit                     0x0800b360   Number         0  anon$$obj.o(Region$$Table)
    SystemCoreClock                          0x20000000   Data           4  system_stm32f10x.o(.data)
    AHBPrescTable                            0x20000004   Data          16  system_stm32f10x.o(.data)
    __stdout                                 0x2000002c   Data           4  debug.o(.data)
    __stdin                                  0x20000030   Data           4  debug.o(.data)
    state_machine                            0x20000034   Data           1  i2c.o(.data)
    i_m                                      0x2000008c   Data           4  motor.o(.data)
    pelcod_cmd                               0x200000c8   Data         224  usart.o(.data)
    buff                                     0x200001a9   Data           1  usart.o(.data)
    buff_tmp                                 0x200001aa   Data          16  usart.o(.data)
    cnt                                      0x200001ba   Data           1  usart.o(.data)
    pwm_b13_cnt                              0x200001bc   Data           2  usart.o(.data)
    pwm_a8_cnt                               0x200001be   Data           2  usart.o(.data)
    pwm_b14_cnt                              0x200001c0   Data           2  usart.o(.data)
    uart4_global_buff                        0x200001f0   Data         100  global.o(.data)
    uart4_global_cnt                         0x20000254   Data           1  global.o(.data)
    uart4_global_done                        0x20000255   Data           1  global.o(.data)
    uart5_global_buff                        0x20000256   Data         100  global.o(.data)
    uart5_global_cnt                         0x200002ba   Data           1  global.o(.data)
    uart5_global_done                        0x200002bb   Data           1  global.o(.data)
    day_night_proc_flag                      0x200002bc   Data           1  global.o(.data)
    day_night_flag                           0x200002bd   Data           1  global.o(.data)
    coefficient_radio_buff                   0x200002be   Data           2  global.o(.data)
    pan_stop_flag                            0x200002c0   Data           1  global.o(.data)
    tile_stop_flag                           0x200002c1   Data           1  global.o(.data)
    fan_heater_buff                          0x200002c4   Data           4  global.o(.data)
    fifo_i2c_msg_out                         0x200002c8   Data          20  i2c.o(.bss)
    fifo_pelco_rec_out                       0x200002dc   Data          20  i2c.o(.bss)
    i2c_msg_out                              0x200002f0   Data         608  i2c.o(.bss)
    _random_number_data                      0x20003924   Data         228  rand.o(.bss)
    __libspace_start                         0x20003a08   Data          96  libspace.o(.bss)
    __temporary_stack_top$libspace           0x20003a68   Data           0  libspace.o(.bss)



==============================================================================

Memory Map of the image

  Image Entry point : 0x08000131

  Load Region LR_IROM1 (Base: 0x08000000, Size: 0x0000b644, Max: 0x00080000, ABSOLUTE, COMPRESSED[0x0000b460])

    Execution Region ER_IROM1 (Base: 0x08000000, Size: 0x0000b37c, Max: 0x00080000, ABSOLUTE)

    Base Addr    Size         Type   Attr      Idx    E Section Name        Object

    0x08000000   0x00000130   Data   RO          237    RESET               startup_stm32f10x_hd.o
    0x08000130   0x00000008   Code   RO          635  * !!!main             c_w.l(__main.o)
    0x08000138   0x00000034   Code   RO          988    !!!scatter          c_w.l(__scatter.o)
    0x0800016c   0x0000005a   Code   RO          986    !!dczerorl2         c_w.l(__dczerorl2.o)
    0x080001c6   0x00000002   PAD
    0x080001c8   0x0000001c   Code   RO          990    !!handler_zi        c_w.l(__scatter_zi.o)
    0x080001e4   0x00000000   Code   RO          622    .ARM.Collect$$_printf_percent$$00000000  c_w.l(_printf_percent.o)
    0x080001e4   0x00000006   Code   RO          621    .ARM.Collect$$_printf_percent$$00000003  c_w.l(_printf_f.o)
    0x080001ea   0x0000000a   Code   RO          719    .ARM.Collect$$_printf_percent$$00000007  c_w.l(_printf_ll.o)
    0x080001f4   0x00000006   Code   RO          620    .ARM.Collect$$_printf_percent$$00000009  c_w.l(_printf_d.o)
    0x080001fa   0x00000006   Code   RO          619    .ARM.Collect$$_printf_percent$$0000000C  c_w.l(_printf_x.o)
    0x08000200   0x00000006   Code   RO          623    .ARM.Collect$$_printf_percent$$0000000E  c_w.l(_printf_lld.o)
    0x08000206   0x00000006   Code   RO          618    .ARM.Collect$$_printf_percent$$00000014  c_w.l(_printf_s.o)
    0x0800020c   0x00000004   Code   RO          718    .ARM.Collect$$_printf_percent$$00000017  c_w.l(_printf_percent_end.o)
    0x08000210   0x00000002   Code   RO          909    .ARM.Collect$$libinit$$00000000  c_w.l(libinit.o)
    0x08000212   0x00000000   Code   RO          721    .ARM.Collect$$libinit$$00000002  c_w.l(libinit2.o)
    0x08000212   0x00000000   Code   RO          723    .ARM.Collect$$libinit$$00000004  c_w.l(libinit2.o)
    0x08000212   0x00000000   Code   RO          726    .ARM.Collect$$libinit$$0000000A  c_w.l(libinit2.o)
    0x08000212   0x00000000   Code   RO          728    .ARM.Collect$$libinit$$0000000C  c_w.l(libinit2.o)
    0x08000212   0x00000004   Code   RO          729    .ARM.Collect$$libinit$$0000000D  c_w.l(libinit2.o)
    0x08000216   0x00000000   Code   RO          730    .ARM.Collect$$libinit$$0000000E  c_w.l(libinit2.o)
    0x08000216   0x00000006   Code   RO          731    .ARM.Collect$$libinit$$0000000F  c_w.l(libinit2.o)
    0x0800021c   0x00000000   Code   RO          733    .ARM.Collect$$libinit$$00000011  c_w.l(libinit2.o)
    0x0800021c   0x00000000   Code   RO          735    .ARM.Collect$$libinit$$00000013  c_w.l(libinit2.o)
    0x0800021c   0x00000000   Code   RO          737    .ARM.Collect$$libinit$$00000015  c_w.l(libinit2.o)
    0x0800021c   0x0000000a   Code   RO          738    .ARM.Collect$$libinit$$00000016  c_w.l(libinit2.o)
    0x08000226   0x00000000   Code   RO          739    .ARM.Collect$$libinit$$00000017  c_w.l(libinit2.o)
    0x08000226   0x00000000   Code   RO          741    .ARM.Collect$$libinit$$00000019  c_w.l(libinit2.o)
    0x08000226   0x00000000   Code   RO          743    .ARM.Collect$$libinit$$0000001B  c_w.l(libinit2.o)
    0x08000226   0x00000000   Code   RO          745    .ARM.Collect$$libinit$$0000001D  c_w.l(libinit2.o)
    0x08000226   0x00000000   Code   RO          747    .ARM.Collect$$libinit$$0000001F  c_w.l(libinit2.o)
    0x08000226   0x00000000   Code   RO          749    .ARM.Collect$$libinit$$00000021  c_w.l(libinit2.o)
    0x08000226   0x00000000   Code   RO          751    .ARM.Collect$$libinit$$00000023  c_w.l(libinit2.o)
    0x08000226   0x00000000   Code   RO          753    .ARM.Collect$$libinit$$00000025  c_w.l(libinit2.o)
    0x08000226   0x00000000   Code   RO          757    .ARM.Collect$$libinit$$0000002C  c_w.l(libinit2.o)
    0x08000226   0x00000000   Code   RO          759    .ARM.Collect$$libinit$$0000002E  c_w.l(libinit2.o)
    0x08000226   0x00000000   Code   RO          761    .ARM.Collect$$libinit$$00000030  c_w.l(libinit2.o)
    0x08000226   0x00000000   Code   RO          763    .ARM.Collect$$libinit$$00000032  c_w.l(libinit2.o)
    0x08000226   0x00000002   Code   RO          764    .ARM.Collect$$libinit$$00000033  c_w.l(libinit2.o)
    0x08000228   0x00000002   Code   RO          952    .ARM.Collect$$libshutdown$$00000000  c_w.l(libshutdown.o)
    0x0800022a   0x00000000   Code   RO          957    .ARM.Collect$$libshutdown$$00000003  c_w.l(libshutdown2.o)
    0x0800022a   0x00000000   Code   RO          960    .ARM.Collect$$libshutdown$$00000006  c_w.l(libshutdown2.o)
    0x0800022a   0x00000000   Code   RO          963    .ARM.Collect$$libshutdown$$00000009  c_w.l(libshutdown2.o)
    0x0800022a   0x00000000   Code   RO          965    .ARM.Collect$$libshutdown$$0000000B  c_w.l(libshutdown2.o)
    0x0800022a   0x00000000   Code   RO          968    .ARM.Collect$$libshutdown$$0000000E  c_w.l(libshutdown2.o)
    0x0800022a   0x00000002   Code   RO          969    .ARM.Collect$$libshutdown$$0000000F  c_w.l(libshutdown2.o)
    0x0800022c   0x00000000   Code   RO          703    .ARM.Collect$$rtentry$$00000000  c_w.l(__rtentry.o)
    0x0800022c   0x00000000   Code   RO          811    .ARM.Collect$$rtentry$$00000002  c_w.l(__rtentry2.o)
    0x0800022c   0x00000006   Code   RO          823    .ARM.Collect$$rtentry$$00000004  c_w.l(__rtentry4.o)
    0x08000232   0x00000000   Code   RO          813    .ARM.Collect$$rtentry$$00000009  c_w.l(__rtentry2.o)
    0x08000232   0x00000004   Code   RO          814    .ARM.Collect$$rtentry$$0000000A  c_w.l(__rtentry2.o)
    0x08000236   0x00000000   Code   RO          816    .ARM.Collect$$rtentry$$0000000C  c_w.l(__rtentry2.o)
    0x08000236   0x00000008   Code   RO          817    .ARM.Collect$$rtentry$$0000000D  c_w.l(__rtentry2.o)
    0x0800023e   0x00000002   Code   RO          914    .ARM.Collect$$rtexit$$00000000  c_w.l(rtexit.o)
    0x08000240   0x00000000   Code   RO          930    .ARM.Collect$$rtexit$$00000002  c_w.l(rtexit2.o)
    0x08000240   0x00000004   Code   RO          931    .ARM.Collect$$rtexit$$00000003  c_w.l(rtexit2.o)
    0x08000244   0x00000006   Code   RO          932    .ARM.Collect$$rtexit$$00000004  c_w.l(rtexit2.o)
    0x0800024a   0x00000002   PAD
    0x0800024c   0x000001e0   Code   RO            1    .text               system_stm32f10x.o
    0x0800042c   0x0000011c   Code   RO          114    .text               stm32f10x_exti.o
    0x08000548   0x000000dc   Code   RO          149    .text               misc.o
    0x08000624   0x000003a4   Code   RO          161    .text               stm32f10x_rcc.o
    0x080009c8   0x0000035c   Code   RO          175    .text               stm32f10x_gpio.o
    0x08000d24   0x00000408   Code   RO          187    .text               stm32f10x_usart.o
    0x0800112c   0x00000e1a   Code   RO          199    .text               stm32f10x_tim.o
    0x08001f46   0x00000002   PAD
    0x08001f48   0x00000254   Code   RO          211    .text               stm32f10x_dma.o
    0x0800219c   0x00000040   Code   RO          238    .text               startup_stm32f10x_hd.o
    0x080021dc   0x0000001c   Code   RO          242    .text               stm32f10x_it.o
    0x080021f8   0x00000062   Code   RO          267    .text               main.o
    0x0800225a   0x00000002   PAD
    0x0800225c   0x000000bc   Code   RO          318    .text               public.o
    0x08002318   0x00000070   Code   RO          332    .text               debug.o
    0x08002388   0x00000408   Code   RO          357    .text               gpio.o
    0x08002790   0x000008c4   Code   RO          375    .text               i2c.o
    0x08003054   0x000017b8   Code   RO          391    .text               motor.o
    0x0800480c   0x000000da   Code   RO          424    .text               nvic.o
    0x080048e6   0x00000002   PAD
    0x080048e8   0x000000f8   Code   RO          436    .text               oc.o
    0x080049e0   0x000021bc   Code   RO          460    .text               usart.o
    0x08006b9c   0x00000162   Code   RO          478    .text               fifo.o
    0x08006cfe   0x00000002   PAD
    0x08006d00   0x000006e8   Code   RO          509    .text               3dpos.o
    0x080073e8   0x00000150   Code   RO          530    .text               alarm.o
    0x08007538   0x00000002   Code   RO          561    .text               c_w.l(use_no_semi.o)
    0x0800753a   0x00000048   Code   RO          563    .text               c_w.l(llsdiv.o)
    0x08007582   0x00000002   PAD
    0x08007584   0x00000018   Code   RO          567    .text               c_w.l(noretval__2printf.o)
    0x0800759c   0x00000052   Code   RO          571    .text               c_w.l(_printf_str.o)
    0x080075ee   0x00000002   PAD
    0x080075f0   0x00000078   Code   RO          573    .text               c_w.l(_printf_dec.o)
    0x08007668   0x0000007c   Code   RO          575    .text               c_w.l(_printf_longlong_dec.o)
    0x080076e4   0x00000058   Code   RO          580    .text               c_w.l(_printf_hex_int.o)
    0x0800773c   0x000000ec   Code   RO          603    .text               c_w.l(__printf_flags_ss.o)
    0x08007828   0x0000003c   Code   RO          625    .text               c_w.l(rand.o)
    0x08007864   0x0000008a   Code   RO          629    .text               c_w.l(rt_memcpy_v6.o)
    0x080078ee   0x00000064   Code   RO          631    .text               c_w.l(rt_memcpy_w.o)
    0x08007952   0x00000006   Code   RO          633    .text               c_w.l(heapauxi.o)
    0x08007958   0x000000ee   Code   RO          704    .text               c_w.l(lludivv7m.o)
    0x08007a46   0x0000008a   Code   RO          706    .text               c_w.l(lludiv10.o)
    0x08007ad0   0x00000016   Code   RO          708    .text               c_w.l(_rserrno.o)
    0x08007ae6   0x000000b2   Code   RO          710    .text               c_w.l(_printf_intcommon.o)
    0x08007b98   0x0000041a   Code   RO          712    .text               c_w.l(_printf_fp_dec.o)
    0x08007fb2   0x0000002c   Code   RO          714    .text               c_w.l(_printf_char.o)
    0x08007fde   0x00000002   PAD
    0x08007fe0   0x00000024   Code   RO          716    .text               c_w.l(_printf_char_file.o)
    0x08008004   0x00000008   Code   RO          832    .text               c_w.l(rt_locale_intlibspace.o)
    0x0800800c   0x00000008   Code   RO          837    .text               c_w.l(rt_errno_addr_intlibspace.o)
    0x08008014   0x00000030   Code   RO          839    .text               c_w.l(_printf_char_common.o)
    0x08008044   0x00000080   Code   RO          841    .text               c_w.l(_printf_fp_infnan.o)
    0x080080c4   0x000000dc   Code   RO          843    .text               c_w.l(bigflt0.o)
    0x080081a0   0x00000008   Code   RO          887    .text               c_w.l(libspace.o)
    0x080081a8   0x0000004a   Code   RO          890    .text               c_w.l(sys_stackheap_outer.o)
    0x080081f2   0x0000000c   Code   RO          896    .text               c_w.l(exit.o)
    0x080081fe   0x00000002   PAD
    0x08008200   0x00000080   Code   RO          898    .text               c_w.l(strcmpv7m.o)
    0x08008280   0x0000003e   Code   RO          846    CL$$btod_d2e        c_w.l(btod.o)
    0x080082be   0x00000046   Code   RO          848    CL$$btod_d2e_denorm_low  c_w.l(btod.o)
    0x08008304   0x00000060   Code   RO          847    CL$$btod_d2e_norm_op1  c_w.l(btod.o)
    0x08008364   0x00000338   Code   RO          856    CL$$btod_div_common  c_w.l(btod.o)
    0x0800869c   0x000000c6   Code   RO          853    CL$$btod_e2e        c_w.l(btod.o)
    0x08008762   0x00000028   Code   RO          850    CL$$btod_ediv       c_w.l(btod.o)
    0x0800878a   0x00000028   Code   RO          849    CL$$btod_emul       c_w.l(btod.o)
    0x080087b2   0x00000244   Code   RO          855    CL$$btod_mult_common  c_w.l(btod.o)
    0x080089f6   0x00000028   Code   RO          883    i.__ARM_fpclassify  m_ws.l(fpclassify.o)
    0x08008a1e   0x00000002   PAD
    0x08008a20   0x00000388   Code   RO          799    i.__ieee754_rem_pio2  m_ws.l(rred.o)
    0x08008da8   0x000000fc   Code   RO          782    i.__kernel_cos      m_ws.l(cos_i.o)
    0x08008ea4   0x000000aa   Code   RO          885    i.__kernel_poly     m_ws.l(poly.o)
    0x08008f4e   0x00000002   PAD
    0x08008f50   0x000000ec   Code   RO          804    i.__kernel_sin      m_ws.l(sin_i.o)
    0x0800903c   0x00000006   Code   RO          786    i.__mathlib_dbl_infnan  m_ws.l(dunder.o)
    0x08009042   0x0000000c   Code   RO          788    i.__mathlib_dbl_invalid  m_ws.l(dunder.o)
    0x0800904e   0x00000002   PAD
    0x08009050   0x00000010   Code   RO          791    i.__mathlib_dbl_underflow  m_ws.l(dunder.o)
    0x08009060   0x0000009c   Code   RO          686    i.cos               m_ws.l(cos.o)
    0x080090fc   0x00000072   Code   RO          701    i.roundf            m_ws.l(roundf.o)
    0x0800916e   0x0000004c   Code   RO          694    i.sqrt              m_ws.l(sqrt.o)
    0x080091ba   0x00000002   PAD
    0x080091bc   0x0000002c   Code   RO          869    locale$$code        c_w.l(lc_numeric_c.o)
    0x080091e8   0x00000062   Code   RO          637    x$fpl$d2f           fz_ws.l(d2f.o)
    0x0800924a   0x00000002   PAD
    0x0800924c   0x00000150   Code   RO          639    x$fpl$dadd          fz_ws.l(daddsub_clz.o)
    0x0800939c   0x00000010   Code   RO          910    x$fpl$dcheck1       fz_ws.l(dcheck1.o)
    0x080093ac   0x000002b0   Code   RO          646    x$fpl$ddiv          fz_ws.l(ddiv.o)
    0x0800965c   0x0000005e   Code   RO          873    x$fpl$dfix          fz_ws.l(dfix.o)
    0x080096ba   0x0000002e   Code   RO          650    x$fpl$dflt          fz_ws.l(dflt_clz.o)
    0x080096e8   0x00000026   Code   RO          649    x$fpl$dfltu         fz_ws.l(dflt_clz.o)
    0x0800970e   0x00000002   PAD
    0x08009710   0x00000154   Code   RO          657    x$fpl$dmul          fz_ws.l(dmul.o)
    0x08009864   0x0000009c   Code   RO          767    x$fpl$dnaninf       fz_ws.l(dnaninf.o)
    0x08009900   0x0000000c   Code   RO          769    x$fpl$dretinf       fz_ws.l(dretinf.o)
    0x0800990c   0x00000016   Code   RO          640    x$fpl$drsb          fz_ws.l(daddsub_clz.o)
    0x08009922   0x00000002   PAD
    0x08009924   0x000001cc   Code   RO          771    x$fpl$dsqrt         fz_ws.l(dsqrt_noumaal.o)
    0x08009af0   0x000001d4   Code   RO          641    x$fpl$dsub          fz_ws.l(daddsub_clz.o)
    0x08009cc4   0x00000056   Code   RO          661    x$fpl$f2d           fz_ws.l(f2d.o)
    0x08009d1a   0x00000002   PAD
    0x08009d1c   0x000000c4   Code   RO          663    x$fpl$fadd          fz_ws.l(faddsub_clz.o)
    0x08009de0   0x00000018   Code   RO          773    x$fpl$fcmpinf       fz_ws.l(fcmpi.o)
    0x08009df8   0x00000184   Code   RO          670    x$fpl$fdiv          fz_ws.l(fdiv.o)
    0x08009f7c   0x00000068   Code   RO          673    x$fpl$feqf          fz_ws.l(feqf.o)
    0x08009fe4   0x00000030   Code   RO          676    x$fpl$fflt          fz_ws.l(fflt_clz.o)
    0x0800a014   0x00000026   Code   RO          675    x$fpl$ffltu         fz_ws.l(fflt_clz.o)
    0x0800a03a   0x00000002   PAD
    0x0800a03c   0x00000102   Code   RO          681    x$fpl$fmul          fz_ws.l(fmul.o)
    0x0800a13e   0x0000008c   Code   RO          775    x$fpl$fnaninf       fz_ws.l(fnaninf.o)
    0x0800a1ca   0x0000000a   Code   RO          777    x$fpl$fretinf       fz_ws.l(fretinf.o)
    0x0800a1d4   0x00000060   Code   RO          779    x$fpl$frnd          fz_ws.l(frnd.o)
    0x0800a234   0x00000014   Code   RO          664    x$fpl$frsb          fz_ws.l(faddsub_clz.o)
    0x0800a248   0x000000ea   Code   RO          665    x$fpl$fsub          fz_ws.l(faddsub_clz.o)
    0x0800a332   0x00000004   Code   RO          683    x$fpl$printf1       fz_ws.l(printf1.o)
    0x0800a336   0x00000064   Code   RO          926    x$fpl$retnan        fz_ws.l(retnan.o)
    0x0800a39a   0x0000005c   Code   RO          881    x$fpl$scalbn        fz_ws.l(scalbn.o)
    0x0800a3f6   0x00000030   Code   RO          944    x$fpl$trapveneer    fz_ws.l(trapv.o)
    0x0800a426   0x00000000   Code   RO          781    x$fpl$usenofp       fz_ws.l(usenofp.o)
    0x0800a426   0x000006d0   Data   RO          393    .constdata          motor.o
    0x0800aaf6   0x00000002   PAD
    0x0800aaf8   0x0000008a   Data   RO          462    .constdata          usart.o
    0x0800ab82   0x00000002   PAD
    0x0800ab84   0x00000585   Data   RO          511    .constdata          3dpos.o
    0x0800b109   0x00000028   Data   RO          581    .constdata          c_w.l(_printf_hex_int.o)
    0x0800b131   0x00000011   Data   RO          604    .constdata          c_w.l(__printf_flags_ss.o)
    0x0800b142   0x00000006   PAD
    0x0800b148   0x00000030   Data   RO          783    .constdata          m_ws.l(cos_i.o)
    0x0800b178   0x000000c8   Data   RO          801    .constdata          m_ws.l(rred.o)
    0x0800b240   0x00000028   Data   RO          805    .constdata          m_ws.l(sin_i.o)
    0x0800b268   0x00000094   Data   RO          844    .constdata          c_w.l(bigflt0.o)
    0x0800b2fc   0x00000042   Data   RO          512    .conststring        3dpos.o
    0x0800b33e   0x00000002   PAD
    0x0800b340   0x00000020   Data   RO          984    Region$$Table       anon$$obj.o
    0x0800b360   0x0000001c   Data   RO          868    locale$$data        c_w.l(lc_numeric_c.o)


    Execution Region RW_IRAM1 (Base: 0x20000000, Size: 0x00004068, Max: 0x00010000, ABSOLUTE, COMPRESSED[0x000000e4])

    Base Addr    Size         Type   Attr      Idx    E Section Name        Object

    0x20000000   0x00000014   Data   RW            2    .data               system_stm32f10x.o
    0x20000014   0x00000014   Data   RW          162    .data               stm32f10x_rcc.o
    0x20000028   0x00000004   Data   RW          319    .data               public.o
    0x2000002c   0x00000008   Data   RW          333    .data               debug.o
    0x20000034   0x00000014   Data   RW          377    .data               i2c.o
    0x20000048   0x00000074   Data   RW          394    .data               motor.o
    0x200000bc   0x0000012c   Data   RW          463    .data               usart.o
    0x200001e8   0x00000005   Data   RW          531    .data               alarm.o
    0x200001ed   0x00000003   PAD
    0x200001f0   0x000000d8   Data   RW          547    .data               global.o
    0x200002c8   0x00000320   Zero   RW          376    .bss                i2c.o
    0x200005e8   0x00001460   Zero   RW          392    .bss                motor.o
    0x20001a48   0x00001d88   Zero   RW          461    .bss                usart.o
    0x200037d0   0x00000154   Zero   RW          510    .bss                3dpos.o
    0x20003924   0x000000e4   Zero   RW          626    .bss                c_w.l(rand.o)
    0x20003a08   0x00000060   Zero   RW          888    .bss                c_w.l(libspace.o)
    0x20003a68   0x00000200   Zero   RW          236    HEAP                startup_stm32f10x_hd.o
    0x20003c68   0x00000400   Zero   RW          235    STACK               startup_stm32f10x_hd.o


==============================================================================

Image component sizes


      Code (inc. data)   RO Data    RW Data    ZI Data      Debug   Object Name

      1768        268       1479          0        340       2895   3dpos.o
       336         62          0          5          0       1608   alarm.o
         0          0          0          0          0         32   core_cm3.o
       112          6          0          8          0       3142   debug.o
       354          0          0          0          0       1791   fifo.o
         0          0          0        216          0       1235   global.o
      1032         32          0          0          0       3287   gpio.o
      2244        146          0         20        800       7635   i2c.o
        98          0          0          0          0       1643   main.o
       220         22          0          0          0       1705   misc.o
      6072        734       1744        116       5216      19239   motor.o
       218          0          0          0          0        555   nvic.o
       248         46          0          0          0       1070   oc.o
       188         16          0          4          0       1090   public.o
        64         26        304          0       1536        764   startup_stm32f10x_hd.o
       596          8          0          0          0       4234   stm32f10x_dma.o
       284         10          0          0          0     208975   stm32f10x_exti.o
       860         38          0          0          0       5557   stm32f10x_gpio.o
        28          0          0          0          0       1272   stm32f10x_it.o
       932         36          0         20          0       8688   stm32f10x_rcc.o
      3610         88          0          0          0      22040   stm32f10x_tim.o
      1032         22          0          0          0       8276   stm32f10x_usart.o
       480         38          0         20          0      59295   system_stm32f10x.o
      8636       1858        138        300       7560      25607   usart.o

    ----------------------------------------------------------------------
     29420       3456       3703        712      15452     391635   Object Totals
         0          0         32          0          0          0   (incl. Generated)
         8          0          6          3          0          0   (incl. Padding)

    ----------------------------------------------------------------------

      Code (inc. data)   RO Data    RW Data    ZI Data      Debug   Library Member Name

        90          0          0          0          0          0   __dczerorl2.o
         8          0          0          0          0         68   __main.o
       236          4         17          0          0         88   __printf_flags_ss.o
         0          0          0          0          0          0   __rtentry.o
        12          0          0          0          0          0   __rtentry2.o
         6          0          0          0          0          0   __rtentry4.o
        52          8          0          0          0          0   __scatter.o
        28          0          0          0          0          0   __scatter_zi.o
        44          0          0          0          0        108   _printf_char.o
        48          6          0          0          0         96   _printf_char_common.o
        36          4          0          0          0         80   _printf_char_file.o
         6          0          0          0          0          0   _printf_d.o
       120         16          0          0          0         92   _printf_dec.o
         6          0          0          0          0          0   _printf_f.o
      1050          0          0          0          0        216   _printf_fp_dec.o
       128         16          0          0          0         84   _printf_fp_infnan.o
        88          4         40          0          0         88   _printf_hex_int.o
       178          0          0          0          0         88   _printf_intcommon.o
        10          0          0          0          0          0   _printf_ll.o
         6          0          0          0          0          0   _printf_lld.o
       124         16          0          0          0         92   _printf_longlong_dec.o
         0          0          0          0          0          0   _printf_percent.o
         4          0          0          0          0          0   _printf_percent_end.o
         6          0          0          0          0          0   _printf_s.o
        82          0          0          0          0         80   _printf_str.o
         6          0          0          0          0          0   _printf_x.o
        22          0          0          0          0        100   _rserrno.o
       220          4        148          0          0         96   bigflt0.o
      1910        128          0          0          0        672   btod.o
        12          0          0          0          0         72   exit.o
         6          0          0          0          0        152   heapauxi.o
        44         10         28          0          0         76   lc_numeric_c.o
         2          0          0          0          0          0   libinit.o
        22          0          0          0          0          0   libinit2.o
         2          0          0          0          0          0   libshutdown.o
         2          0          0          0          0          0   libshutdown2.o
         8          4          0          0         96         68   libspace.o
        72          0          0          0          0         76   llsdiv.o
       138          0          0          0          0         80   lludiv10.o
       238          0          0          0          0        100   lludivv7m.o
        24          4          0          0          0         84   noretval__2printf.o
        60         14          0          0        228         92   rand.o
         8          4          0          0          0         68   rt_errno_addr_intlibspace.o
         8          4          0          0          0         68   rt_locale_intlibspace.o
       138          0          0          0          0         68   rt_memcpy_v6.o
       100          0          0          0          0         80   rt_memcpy_w.o
         2          0          0          0          0          0   rtexit.o
        10          0          0          0          0          0   rtexit2.o
       128          0          0          0          0         68   strcmpv7m.o
        74          0          0          0          0         80   sys_stackheap_outer.o
         2          0          0          0          0         68   use_no_semi.o
        98          4          0          0          0         92   d2f.o
       826         16          0          0          0        348   daddsub_clz.o
        16          4          0          0          0         68   dcheck1.o
       688        140          0          0          0        208   ddiv.o
        94          4          0          0          0         92   dfix.o
        84          0          0          0          0        136   dflt_clz.o
       340         12          0          0          0        104   dmul.o
       156          4          0          0          0         92   dnaninf.o
        12          0          0          0          0         68   dretinf.o
       460         56          0          0          0        120   dsqrt_noumaal.o
        86          4          0          0          0         84   f2d.o
       450          8          0          0          0        236   faddsub_clz.o
        24          0          0          0          0         68   fcmpi.o
       388         76          0          0          0         96   fdiv.o
       104          4          0          0          0         84   feqf.o
        86          0          0          0          0        136   fflt_clz.o
       258          4          0          0          0         84   fmul.o
       140          4          0          0          0         84   fnaninf.o
        10          0          0          0          0         68   fretinf.o
        96          4          0          0          0         76   frnd.o
         4          0          0          0          0         68   printf1.o
       100          0          0          0          0         68   retnan.o
        92          0          0          0          0         68   scalbn.o
        48          0          0          0          0         68   trapv.o
         0          0          0          0          0          0   usenofp.o
       156          8          0          0          0        104   cos.o
       252         22         48          0          0        124   cos_i.o
        34          6          0          0          0        204   dunder.o
        40          0          0          0          0         68   fpclassify.o
       170          0          0          0          0         96   poly.o
       114          0          0          0          0         80   roundf.o
       904         76        200          0          0        140   rred.o
       236         12         40          0          0        128   sin_i.o
        76          0          0          0          0         84   sqrt.o

    ----------------------------------------------------------------------
     12298        714        527          0        324       6992   Library Totals
        30          0          6          0          0          0   (incl. Padding)

    ----------------------------------------------------------------------

      Code (inc. data)   RO Data    RW Data    ZI Data      Debug   Library Name

      5626        246        233          0        324       3348   c_w.l
      4660        344          0          0          0       2616   fz_ws.l
      1982        124        288          0          0       1028   m_ws.l

    ----------------------------------------------------------------------
     12298        714        527          0        324       6992   Library Totals

    ----------------------------------------------------------------------

==============================================================================


      Code (inc. data)   RO Data    RW Data    ZI Data      Debug   

     41718       4170       4230        712      15776     392591   Grand Totals
     41718       4170       4230        228      15776     392591   ELF Image Totals (compressed)
     41718       4170       4230        228          0          0   ROM Totals

==============================================================================

    Total RO  Size (Code + RO Data)                45948 (  44.87kB)
    Total RW  Size (RW Data + ZI Data)             16488 (  16.10kB)
    Total ROM Size (Code + RO Data + RW Data)      46176 (  45.09kB)

==============================================================================

